Component: ARM Compiler 5.06 update 7 (build 960) Tool: armlink [4d3601]

==============================================================================

Section Cross References

    startup_stm32h750xx.o(STACK) refers (Special) to heapauxi.o(.text) for __use_two_region_memory
    startup_stm32h750xx.o(HEAP) refers (Special) to heapauxi.o(.text) for __use_two_region_memory
    startup_stm32h750xx.o(RESET) refers (Special) to heapauxi.o(.text) for __use_two_region_memory
    startup_stm32h750xx.o(RESET) refers to startup_stm32h750xx.o(STACK) for __initial_sp
    startup_stm32h750xx.o(RESET) refers to startup_stm32h750xx.o(.text) for Reset_Handler
    startup_stm32h750xx.o(RESET) refers to stm32h7xx_it.o(i.NMI_Handler) for NMI_Handler
    startup_stm32h750xx.o(RESET) refers to stm32h7xx_it.o(i.HardFault_Handler) for HardFault_Handler
    startup_stm32h750xx.o(RESET) refers to stm32h7xx_it.o(i.MemManage_Handler) for MemManage_Handler
    startup_stm32h750xx.o(RESET) refers to stm32h7xx_it.o(i.BusFault_Handler) for BusFault_Handler
    startup_stm32h750xx.o(RESET) refers to stm32h7xx_it.o(i.UsageFault_Handler) for UsageFault_Handler
    startup_stm32h750xx.o(RESET) refers to port.o(.emb_text) for SVC_Handler
    startup_stm32h750xx.o(RESET) refers to stm32h7xx_it.o(i.DebugMon_Handler) for DebugMon_Handler
    startup_stm32h750xx.o(RESET) refers to stm32h7xx_it.o(i.SysTick_Handler) for SysTick_Handler
    startup_stm32h750xx.o(RESET) refers to stm32h7xx_it.o(i.EXTI0_IRQHandler) for EXTI0_IRQHandler
    startup_stm32h750xx.o(RESET) refers to stm32h7xx_it.o(i.EXTI1_IRQHandler) for EXTI1_IRQHandler
    startup_stm32h750xx.o(RESET) refers to stm32h7xx_it.o(i.EXTI2_IRQHandler) for EXTI2_IRQHandler
    startup_stm32h750xx.o(RESET) refers to stm32h7xx_it.o(i.EXTI3_IRQHandler) for EXTI3_IRQHandler
    startup_stm32h750xx.o(RESET) refers to stm32h7xx_it.o(i.EXTI4_IRQHandler) for EXTI4_IRQHandler
    startup_stm32h750xx.o(RESET) refers to stm32h7xx_it.o(i.DMA1_Stream0_IRQHandler) for DMA1_Stream0_IRQHandler
    startup_stm32h750xx.o(RESET) refers to stm32h7xx_it.o(i.DMA1_Stream1_IRQHandler) for DMA1_Stream1_IRQHandler
    startup_stm32h750xx.o(RESET) refers to stm32h7xx_it.o(i.DMA1_Stream2_IRQHandler) for DMA1_Stream2_IRQHandler
    startup_stm32h750xx.o(RESET) refers to stm32h7xx_it.o(i.DMA1_Stream3_IRQHandler) for DMA1_Stream3_IRQHandler
    startup_stm32h750xx.o(RESET) refers to stm32h7xx_it.o(i.DMA1_Stream4_IRQHandler) for DMA1_Stream4_IRQHandler
    startup_stm32h750xx.o(RESET) refers to stm32h7xx_it.o(i.DMA1_Stream5_IRQHandler) for DMA1_Stream5_IRQHandler
    startup_stm32h750xx.o(RESET) refers to stm32h7xx_it.o(i.DMA1_Stream6_IRQHandler) for DMA1_Stream6_IRQHandler
    startup_stm32h750xx.o(RESET) refers to stm32h7xx_it.o(i.EXTI9_5_IRQHandler) for EXTI9_5_IRQHandler
    startup_stm32h750xx.o(RESET) refers to stm32h7xx_it.o(i.TIM3_IRQHandler) for TIM3_IRQHandler
    startup_stm32h750xx.o(RESET) refers to stm32h7xx_it.o(i.TIM4_IRQHandler) for TIM4_IRQHandler
    startup_stm32h750xx.o(RESET) refers to stm32h7xx_it.o(i.USART1_IRQHandler) for USART1_IRQHandler
    startup_stm32h750xx.o(RESET) refers to stm32h7xx_it.o(i.USART2_IRQHandler) for USART2_IRQHandler
    startup_stm32h750xx.o(RESET) refers to stm32h7xx_it.o(i.USART3_IRQHandler) for USART3_IRQHandler
    startup_stm32h750xx.o(RESET) refers to stm32h7xx_it.o(i.DMA1_Stream7_IRQHandler) for DMA1_Stream7_IRQHandler
    startup_stm32h750xx.o(RESET) refers to stm32h7xx_it.o(i.UART4_IRQHandler) for UART4_IRQHandler
    startup_stm32h750xx.o(RESET) refers to stm32h7xx_it.o(i.UART5_IRQHandler) for UART5_IRQHandler
    startup_stm32h750xx.o(RESET) refers to stm32h7xx_it.o(i.DMA2_Stream0_IRQHandler) for DMA2_Stream0_IRQHandler
    startup_stm32h750xx.o(RESET) refers to stm32h7xx_it.o(i.USART6_IRQHandler) for USART6_IRQHandler
    startup_stm32h750xx.o(RESET) refers to stm32h7xx_it.o(i.UART7_IRQHandler) for UART7_IRQHandler
    startup_stm32h750xx.o(RESET) refers to stm32h7xx_it.o(i.UART8_IRQHandler) for UART8_IRQHandler
    startup_stm32h750xx.o(RESET) refers to stm32h7xx_it.o(i.OTG_FS_IRQHandler) for OTG_FS_IRQHandler
    startup_stm32h750xx.o(.text) refers (Special) to heapauxi.o(.text) for __use_two_region_memory
    startup_stm32h750xx.o(.text) refers to system_stm32h7xx.o(i.SystemInit) for SystemInit
    startup_stm32h750xx.o(.text) refers to __main.o(!!!main) for __main
    startup_stm32h750xx.o(.text) refers to startup_stm32h750xx.o(HEAP) for Heap_Mem
    startup_stm32h750xx.o(.text) refers to startup_stm32h750xx.o(STACK) for Stack_Mem
    main.o(i.PeriphCommonClock_Config) refers to rt_memclr_w.o(.text) for __aeabi_memclr4
    main.o(i.PeriphCommonClock_Config) refers to stm32h7xx_hal_rcc_ex.o(i.HAL_RCCEx_PeriphCLKConfig) for HAL_RCCEx_PeriphCLKConfig
    main.o(i.SystemClock_Config) refers to rt_memclr_w.o(.text) for __aeabi_memclr4
    main.o(i.SystemClock_Config) refers to stm32h7xx_hal_pwr_ex.o(i.HAL_PWREx_ConfigSupply) for HAL_PWREx_ConfigSupply
[...]
    __fpl_return_NaN                         0x08012caf   Thumb Code   100  retnan.o(x$fpl$retnan)
    __ARM_scalbn                             0x08012d13   Thumb Code    92  scalbn.o(x$fpl$scalbn)
    __fpl_cmpreturn                          0x08012d6f   Thumb Code    48  trapv.o(x$fpl$trapveneer)
    __I$use$fp                               0x08012d9e   Number         0  usenofp.o(x$fpl$usenofp)
    UARTPrescTable                           0x08012fcc   Data          24  stm32h7xx_hal_uart.o(.constdata)
    D1CorePrescTable                         0x08012ff4   Data          16  system_stm32h7xx.o(.constdata)
    __mathlib_zero                           0x08013190   Data           8  qnan.o(.constdata)
    Region$$Table$$Base                      0x080133d0   Number         0  anon$$obj.o(Region$$Table)
    Region$$Table$$Limit                     0x080133f0   Number         0  anon$$obj.o(Region$$Table)
    defaultTaskHandle                        0x24000000   Data           4  main.o(.data)
    myTask02Handle                           0x24000004   Data           4  main.o(.data)
    myTask03Handle                           0x24000008   Data           4  main.o(.data)
    myTask04Handle                           0x2400000c   Data           4  main.o(.data)
    myTask05Handle                           0x24000010   Data           4  main.o(.data)
    myTask06Handle                           0x24000014   Data           4  main.o(.data)
    myTask07Handle                           0x24000018   Data           4  main.o(.data)
    myTask08Handle                           0x2400001c   Data           4  main.o(.data)
    myTask09Handle                           0x24000020   Data           4  main.o(.data)
    myTask10Handle                           0x24000024   Data           4  main.o(.data)
    myTask11Handle                           0x24000028   Data           4  main.o(.data)
    myTask12Handle                           0x2400002c   Data           4  main.o(.data)
    myTask13Handle                           0x24000030   Data           4  main.o(.data)
    myTask14Handle                           0x24000034   Data           4  main.o(.data)
    myTask15Handle                           0x24000038   Data           4  main.o(.data)
    EncoderVal                               0x2400003c   Data           1  fee_rtos.o(.data)
    EncoderVal1                              0x2400003d   Data           1  fee_rtos.o(.data)
    EncoderCount                             0x24000040   Data           4  fee_rtos.o(.data)
    EncoderCount1                            0x24000044   Data           4  fee_rtos.o(.data)
    pdev1                                    0x24000048   Data           4  fee_rtos.o(.data)
    hhid1                                    0x2400004c   Data           4  fee_rtos.o(.data)
    pj                                       0x24000050   Data           4  fee_usb.o(.data)
    pi                                       0x24000054   Data           4  fee_uart.o(.data)
    UartPes                                  0x2400005c   Data           4  fee_pes_control.o(.data)
    dc1                                      0x24000070   Data           1  fee_swerve_driver.o(.data)
    dc2                                      0x24000071   Data           1  fee_swerve_driver.o(.data)
    dc3                                      0x24000072   Data           1  fee_swerve_driver.o(.data)
    dc4                                      0x24000073   Data           1  fee_swerve_driver.o(.data)
    arrived                                  0x24000074   Data           1  fee_swerve_driver.o(.data)
    mode_ve_VT                               0x24000075   Data           1  fee_swerve_driver.o(.data)
    SW_xoay_speed                            0x24000076   Data           2  fee_swerve_driver.o(.data)
    Angle1                                   0x24000078   Data           2  fee_swerve_driver.o(.data)
    Angle2                                   0x2400007a   Data           2  fee_swerve_driver.o(.data)
    Angle3                                   0x2400007c   Data           2  fee_swerve_driver.o(.data)
    Angle4                                   0x2400007e   Data           2  fee_swerve_driver.o(.data)
    goc_htaiA                                0x24000080   Data           2  fee_swerve_driver.o(.data)
    goc_htaiB                                0x24000082   Data           2  fee_swerve_driver.o(.data)
    goc_htaiC                                0x24000084   Data           2  fee_swerve_driver.o(.data)
    goc_htaiD                                0x24000086   Data           2  fee_swerve_driver.o(.data)
    chieu_tt1                                0x24000088   Data           4  fee_swerve_driver.o(.data)
    chieu_tt2                                0x2400008c   Data           4  fee_swerve_driver.o(.data)
    chieu_tt3                                0x24000090   Data           4  fee_swerve_driver.o(.data)
    van_toc_thuc                             0x24000094   Data           4  fee_swerve_driver.o(.data)
    _RB_4OM_V_Quay_thuc                      0x24000098   Data           4  fee_swerve_driver.o(.data)
    _RB_4OM_van_toc_thuc                     0x2400009c   Data           4  fee_swerve_driver.o(.data)
    en_xoay1                                 0x240000a0   Data           4  fee_swerve_driver.o(.data)
    en_xoay2                                 0x240000a4   Data           4  fee_swerve_driver.o(.data)
    en_xoay3                                 0x240000a8   Data           4  fee_swerve_driver.o(.data)
    en_xoay4                                 0x240000ac   Data           4  fee_swerve_driver.o(.data)
    en_xoay11                                0x240000b0   Data           4  fee_swerve_driver.o(.data)
    en_xoay22                                0x240000b4   Data           4  fee_swerve_driver.o(.data)
    en_xoay33                                0x240000b8   Data           4  fee_swerve_driver.o(.data)
    en_xoay44                                0x240000bc   Data           4  fee_swerve_driver.o(.data)
    va                                       0x240000c0   Data           4  fee_swerve_driver.o(.data)
    vb                                       0x240000c4   Data           4  fee_swerve_driver.o(.data)
    vc                                       0x240000c8   Data           4  fee_swerve_driver.o(.data)
    vd                                       0x240000cc   Data           4  fee_swerve_driver.o(.data)
    chieu_tt4                                0x240000d0   Data           4  fee_swerve_driver.o(.data)
    _R                                       0x240000d8   Data           8  fee_swerve_driver.o(.data)
    _A                                       0x240000e0   Data           8  fee_swerve_driver.o(.data)
    _B                                       0x240000e8   Data           8  fee_swerve_driver.o(.data)
    _C                                       0x240000f0   Data           8  fee_swerve_driver.o(.data)
    _D                                       0x240000f8   Data           8  fee_swerve_driver.o(.data)
    _max                                     0x24000100   Data           8  fee_swerve_driver.o(.data)
    speed_thuc                               0x24000108   Data           8  fee_swerve_driver.o(.data)
    pc8                                      0x24000110   Data           4  fee_stm32f103c8t6.o(.data)
    tem_tx_data_main_phu_1                   0x24000114   Data           1  fee_main_phu.o(.data)
    so_lan_trans_main_phu_1                  0x24000115   Data           1  fee_main_phu.o(.data)
    pc                                       0x24000118   Data           4  fee_main_phu.o(.data)
    trang_thai_xilanh                        0x2400011c   Data           1  fee_robot.o(.data)
    flag_trang_thai_xilanh                   0x2400011d   Data           1  fee_robot.o(.data)
    trang_thai_xilanh_tha_lua                0x2400011e   Data           1  fee_robot.o(.data)
    flag_trang_thai_xilanh_tha_lua           0x2400011f   Data           1  fee_robot.o(.data)
    Start                                    0x24000120   Data           1  fee_robot.o(.data)
    tdc_high                                 0x24000122   Data           2  fee_robot.o(.data)
    tdc_low                                  0x24000124   Data           2  fee_robot.o(.data)
    ktra_khoa                                0x24000126   Data           1  fee_robot.o(.data)
    goc_rb                                   0x24000128   Data           2  fee_robot.o(.data)
    check_vi_tri_lua                         0x2400012c   Data           4  fee_thread2.o(.data)
    mode                                     0x24000130   Data           1  fee_thread4.o(.data)
    tem                                      0x24000131   Data           1  fee_thread4.o(.data)
    check_start                              0x24000134   Data           4  fee_thread4.o(.data)
    tem_en                                   0x24000138   Data           1  fee_thread5.o(.data)
    tem_trang_thai_td7                       0x24000139   Data           1  fee_thread5.o(.data)
    step_number_td7                          0x2400013a   Data           1  fee_thread5.o(.data)
    enable_send_td7                          0x2400013b   Data           1  fee_thread5.o(.data)
    enable_di_chuyen_td7                     0x2400013c   Data           1  fee_thread5.o(.data)
    enable_lai_tay_td7                       0x2400013d   Data           1  fee_thread5.o(.data)
    enable_trans_td6                         0x2400013e   Data           1  fee_thread5.o(.data)
    check_tem_huong_di_chuyen_td6            0x2400013f   Data           1  fee_thread5.o(.data)
    tx_td7                                   0x24000140   Data           1  fee_thread5.o(.data)
    tx_td6                                   0x24000141   Data           1  fee_thread5.o(.data)
    tem_huong_di_chuyen_td6                  0x24000142   Data           2  fee_thread5.o(.data)
    tem_toc_do_danh_td6                      0x24000144   Data           2  fee_thread5.o(.data)
    stop                                     0x24000146   Data           1  fee_thread5.o(.data)
    khoi_tao                                 0x24000148   Data           4  fee_tu_dong.o(.data)
    tdc_low_td7                              0x2400014c   Data           4  fee_tu_dong.o(.data)
    FS_Desc                                  0x24000150   Data          28  usbd_desc.o(.data)
    USBD_LangIDDesc                          0x2400016c   Data           4  usbd_desc.o(.data)
    USBD_FS_DeviceDesc                       0x24000170   Data          18  usbd_desc.o(.data)
    USBD_StringSerial                        0x24000184   Data          26  usbd_desc.o(.data)
    USBD_CustomHID_fops_FS                   0x240001bc   Data          16  usbd_custom_hid_if.o(.data)
    uwTickFreq                               0x240001cc   Data           1  stm32h7xx_hal.o(.data)
    uwTickPrio                               0x240001d0   Data           4  stm32h7xx_hal.o(.data)
    uwTick                                   0x240001d4   Data           4  stm32h7xx_hal.o(.data)
    SystemCoreClock                          0x240001d8   Data           4  system_stm32h7xx.o(.data)
    SystemD2Clock                            0x240001dc   Data           4  system_stm32h7xx.o(.data)
    pxCurrentTCB                             0x240001e0   Data           4  tasks.o(.data)
    USBD_CUSTOM_HID                          0x2400024c   Data          56  usbd_customhid.o(.data)
    hadc1                                    0x240002cc   Data         100  main.o(.bss)
    hi2c1                                    0x24000330   Data          76  main.o(.bss)
    hi2c2                                    0x2400037c   Data          76  main.o(.bss)
    hspi1                                    0x240003c8   Data         136  main.o(.bss)
    huart4                                   0x24000450   Data         144  main.o(.bss)
    huart5                                   0x240004e0   Data         144  main.o(.bss)
    huart7                                   0x24000570   Data         144  main.o(.bss)
    huart8                                   0x24000600   Data         144  main.o(.bss)
    huart1                                   0x24000690   Data         144  main.o(.bss)
    huart2                                   0x24000720   Data         144  main.o(.bss)
    huart3                                   0x240007b0   Data         144  main.o(.bss)
    huart6                                   0x24000840   Data         144  main.o(.bss)
    hdma_adc1                                0x240008d0   Data         120  main.o(.bss)
    htim3                                    0x24000948   Data          76  main.o(.bss)
    htim4                                    0x24000994   Data          76  main.o(.bss)
    hdma_uart4_rx                            0x240009e0   Data         120  main.o(.bss)
    hdma_uart5_rx                            0x24000a58   Data         120  main.o(.bss)
    hdma_uart7_rx                            0x24000ad0   Data         120  main.o(.bss)
    hdma_uart8_rx                            0x24000b48   Data         120  main.o(.bss)
    hdma_usart1_rx                           0x24000bc0   Data         120  main.o(.bss)
    hdma_usart2_rx                           0x24000c38   Data         120  main.o(.bss)
    hdma_usart3_rx                           0x24000cb0   Data         120  main.o(.bss)
    hdma_usart6_rx                           0x24000d28   Data         120  main.o(.bss)
    kf                                       0x24000ff4   Data         192  fee_adc.o(.bss)
    comple_receiver_main_1                   0x240010b8   Data          20  fee_rtos.o(.bss)
    FEE                                      0x240010d0   Data        4328  fee_rtos.o(.bss)
    result                                   0x240021f8   Data          24  fee_swerve_driver.o(.bss)
    SWR1                                     0x24002210   Data          12  fee_swerve_driver.o(.bss)
    SWR2                                     0x2400221c   Data          12  fee_swerve_driver.o(.bss)
    SWR3                                     0x24002228   Data          12  fee_swerve_driver.o(.bss)
    SWR4                                     0x24002234   Data          12  fee_swerve_driver.o(.bss)
    speed                                    0x24002240   Data          32  fee_swerve_driver.o(.bss)
    Compass1                                 0x24002260   Data          72  fee_robot.o(.bss)
    DC1                                      0x240022a8   Data          12  fee_thread1.o(.bss)
    DC2                                      0x240022b4   Data          12  fee_thread1.o(.bss)
    DC3                                      0x240022c0   Data          12  fee_thread1.o(.bss)
    DC4                                      0x240022cc   Data          12  fee_thread1.o(.bss)
    DC5                                      0x240022d8   Data          12  fee_thread1.o(.bss)
    DC6                                      0x240022e4   Data          12  fee_thread1.o(.bss)
    DC7                                      0x240022f0   Data          12  fee_thread1.o(.bss)
    DC8                                      0x240022fc   Data          12  fee_thread1.o(.bss)
    String_LCD                               0x24002308   Data          30  fee_thread12.o(.bss)
    hUsbDeviceFS                             0x24002328   Data         732  usb_device.o(.bss)
    USBD_StrDesc                             0x24002604   Data         512  usbd_desc.o(.bss)
    hpcd_USB_OTG_FS                          0x2400285c   Data        1292  usbd_conf.o(.bss)
    __libspace_start                         0x24006a58   Data          96  libspace.o(.bss)
    __temporary_stack_top$libspace           0x24006ab8   Data           0  libspace.o(.bss)



==============================================================================

Memory Map of the image

  Image Entry point : 0x08000299

  Load Region LR_IROM1 (Base: 0x08000000, Size: 0x000136d8, Max: 0x00020000, ABSOLUTE, COMPRESSED[0x000134e0])

    Execution Region ER_IROM1 (Exec base: 0x08000000, Load base: 0x08000000, Size: 0x0001340c, Max: 0x00020000, ABSOLUTE)

    Exec Addr    Load Addr    Size         Type   Attr      Idx    E Section Name        Object

    0x08000000   0x08000000   0x00000298   Data   RO            3    RESET               startup_stm32h750xx.o
    0x08000298   0x08000298   0x00000008   Code   RO        10071  * !!!main             c_w.l(__main.o)
    0x080002a0   0x080002a0   0x00000034   Code   RO        10495    !!!scatter          c_w.l(__scatter.o)
    0x080002d4   0x080002d4   0x0000005a   Code   RO        10493    !!dczerorl2         c_w.l(__dczerorl2.o)
    0x0800032e   0x0800032e   0x00000002   PAD
    0x08000330   0x08000330   0x0000001c   Code   RO        10497    !!handler_zi        c_w.l(__scatter_zi.o)
    0x0800034c   0x0800034c   0x00000000   Code   RO        10058    .ARM.Collect$$_printf_percent$$00000000  c_w.l(_printf_percent.o)
    0x0800034c   0x0800034c   0x00000006   Code   RO        10057    .ARM.Collect$$_printf_percent$$00000003  c_w.l(_printf_f.o)
    0x08000352   0x08000352   0x00000006   Code   RO        10056    .ARM.Collect$$_printf_percent$$00000009  c_w.l(_printf_d.o)
    0x08000358   0x08000358   0x00000004   Code   RO        10213    .ARM.Collect$$_printf_percent$$00000017  c_w.l(_printf_percent_end.o)
    0x0800035c   0x0800035c   0x00000002   Code   RO        10426    .ARM.Collect$$libinit$$00000000  c_w.l(libinit.o)
    0x0800035e   0x0800035e   0x00000004   Code   RO        10220    .ARM.Collect$$libinit$$00000001  c_w.l(libinit2.o)
    0x08000362   0x08000362   0x00000000   Code   RO        10223    .ARM.Collect$$libinit$$00000004  c_w.l(libinit2.o)
    0x08000362   0x08000362   0x00000000   Code   RO        10226    .ARM.Collect$$libinit$$0000000A  c_w.l(libinit2.o)
    0x08000362   0x08000362   0x00000000   Code   RO        10228    .ARM.Collect$$libinit$$0000000C  c_w.l(libinit2.o)
    0x08000362   0x08000362   0x00000000   Code   RO        10230    .ARM.Collect$$libinit$$0000000E  c_w.l(libinit2.o)
    0x08000362   0x08000362   0x00000006   Code   RO        10231    .ARM.Collect$$libinit$$0000000F  c_w.l(libinit2.o)
    0x08000368   0x08000368   0x00000000   Code   RO        10233    .ARM.Collect$$libinit$$00000011  c_w.l(libinit2.o)
    0x08000368   0x08000368   0x00000000   Code   RO        10235    .ARM.Collect$$libinit$$00000013  c_w.l(libinit2.o)
    0x08000368   0x08000368   0x00000000   Code   RO        10237    .ARM.Collect$$libinit$$00000015  c_w.l(libinit2.o)
    0x08000368   0x08000368   0x0000000a   Code   RO        10238    .ARM.Collect$$libinit$$00000016  c_w.l(libinit2.o)
    0x08000372   0x08000372   0x00000000   Code   RO        10239    .ARM.Collect$$libinit$$00000017  c_w.l(libinit2.o)
    0x08000372   0x08000372   0x00000000   Code   RO        10241    .ARM.Collect$$libinit$$00000019  c_w.l(libinit2.o)
    0x08000372   0x08000372   0x00000000   Code   RO        10243    .ARM.Collect$$libinit$$0000001B  c_w.l(libinit2.o)
    0x08000372   0x08000372   0x00000000   Code   RO        10245    .ARM.Collect$$libinit$$0000001D  c_w.l(libinit2.o)
    0x08000372   0x08000372   0x00000000   Code   RO        10247    .ARM.Collect$$libinit$$0000001F  c_w.l(libinit2.o)
    0x08000372   0x08000372   0x00000000   Code   RO        10249    .ARM.Collect$$libinit$$00000021  c_w.l(libinit2.o)
    0x08000372   0x08000372   0x00000000   Code   RO        10251    .ARM.Collect$$libinit$$00000023  c_w.l(libinit2.o)
    0x08000372   0x08000372   0x00000000   Code   RO        10253    .ARM.Collect$$libinit$$00000025  c_w.l(libinit2.o)
    0x08000372   0x08000372   0x00000000   Code   RO        10257    .ARM.Collect$$libinit$$0000002C  c_w.l(libinit2.o)
    0x08000372   0x08000372   0x00000000   Code   RO        10259    .ARM.Collect$$libinit$$0000002E  c_w.l(libinit2.o)
    0x08000372   0x08000372   0x00000000   Code   RO        10261    .ARM.Collect$$libinit$$00000030  c_w.l(libinit2.o)
    0x08000372   0x08000372   0x00000000   Code   RO        10263    .ARM.Collect$$libinit$$00000032  c_w.l(libinit2.o)
    0x08000372   0x08000372   0x00000002   Code   RO        10264    .ARM.Collect$$libinit$$00000033  c_w.l(libinit2.o)
    0x08000374   0x08000374   0x00000002   Code   RO        10490    .ARM.Collect$$libshutdown$$00000000  c_w.l(libshutdown.o)
    0x08000376   0x08000376   0x00000000   Code   RO        10444    .ARM.Collect$$libshutdown$$00000002  c_w.l(libshutdown2.o)
    0x08000376   0x08000376   0x00000000   Code   RO        10446    .ARM.Collect$$libshutdown$$00000004  c_w.l(libshutdown2.o)
    0x08000376   0x08000376   0x00000000   Code   RO        10448    .ARM.Collect$$libshutdown$$00000006  c_w.l(libshutdown2.o)
    0x08000376   0x08000376   0x00000000   Code   RO        10451    .ARM.Collect$$libshutdown$$00000009  c_w.l(libshutdown2.o)
    0x08000376   0x08000376   0x00000000   Code   RO        10454    .ARM.Collect$$libshutdown$$0000000C  c_w.l(libshutdown2.o)
    0x08000376   0x08000376   0x00000000   Code   RO        10456    .ARM.Collect$$libshutdown$$0000000E  c_w.l(libshutdown2.o)
    0x08000376   0x08000376   0x00000000   Code   RO        10459    .ARM.Collect$$libshutdown$$00000011  c_w.l(libshutdown2.o)
    0x08000376   0x08000376   0x00000002   Code   RO        10460    .ARM.Collect$$libshutdown$$00000012  c_w.l(libshutdown2.o)
    0x08000378   0x08000378   0x00000000   Code   RO        10173    .ARM.Collect$$rtentry$$00000000  c_w.l(__rtentry.o)
    0x08000378   0x08000378   0x00000000   Code   RO        10313    .ARM.Collect$$rtentry$$00000002  c_w.l(__rtentry2.o)
    0x08000378   0x08000378   0x00000006   Code   RO        10325    .ARM.Collect$$rtentry$$00000004  c_w.l(__rtentry4.o)
    0x0800037e   0x0800037e   0x00000000   Code   RO        10315    .ARM.Collect$$rtentry$$00000009  c_w.l(__rtentry2.o)
    0x0800037e   0x0800037e   0x00000004   Code   RO        10316    .ARM.Collect$$rtentry$$0000000A  c_w.l(__rtentry2.o)
    0x08000382   0x08000382   0x00000000   Code   RO        10318    .ARM.Collect$$rtentry$$0000000C  c_w.l(__rtentry2.o)
    0x08000382   0x08000382   0x00000008   Code   RO        10319    .ARM.Collect$$rtentry$$0000000D  c_w.l(__rtentry2.o)
    0x0800038a   0x0800038a   0x00000002   Code   RO        10431    .ARM.Collect$$rtexit$$00000000  c_w.l(rtexit.o)
    0x0800038c   0x0800038c   0x00000000   Code   RO        10466    .ARM.Collect$$rtexit$$00000002  c_w.l(rtexit2.o)
    0x0800038c   0x0800038c   0x00000004   Code   RO        10467    .ARM.Collect$$rtexit$$00000003  c_w.l(rtexit2.o)
    0x08000390   0x08000390   0x00000006   Code   RO        10468    .ARM.Collect$$rtexit$$00000004  c_w.l(rtexit2.o)
    0x08000396   0x08000396   0x00000002   PAD
    0x08000398   0x08000398   0x000000be   Code   RO         9106    .emb_text           port.o
    0x08000456   0x08000456   0x00000002   PAD
    0x08000458   0x08000458   0x00000040   Code   RO            4    .text               startup_stm32h750xx.o
    0x08000498   0x08000498   0x000000ee   Code   RO        10024    .text               c_w.l(lludivv7m.o)
    0x08000586   0x08000586   0x00000002   PAD
    0x08000588   0x08000588   0x00000028   Code   RO        10028    .text               c_w.l(noretval__2sprintf.o)
    0x080005b0   0x080005b0   0x0000004e   Code   RO        10032    .text               c_w.l(_printf_pad.o)
    0x080005fe   0x080005fe   0x00000002   PAD
    0x08000600   0x08000600   0x00000078   Code   RO        10034    .text               c_w.l(_printf_dec.o)
    0x08000678   0x08000678   0x00000160   Code   RO        10051    .text               c_w.l(__printf_ss_wp.o)
    0x080007d8   0x080007d8   0x0000004e   Code   RO        10067    .text               c_w.l(rt_memclr_w.o)
    0x08000826   0x08000826   0x00000006   Code   RO        10069    .text               c_w.l(heapauxi.o)
    0x0800082c   0x0800082c   0x00000016   Code   RO        10203    .text               c_w.l(_rserrno.o)
    0x08000842   0x08000842   0x000000b2   Code   RO        10205    .text               c_w.l(_printf_intcommon.o)
    0x080008f4   0x080008f4   0x0000041e   Code   RO        10207    .text               c_w.l(_printf_fp_dec.o)
    0x08000d12   0x08000d12   0x00000002   PAD
    0x08000d14   0x08000d14   0x00000030   Code   RO        10209    .text               c_w.l(_printf_char_common.o)
    0x08000d44   0x08000d44   0x0000000a   Code   RO        10211    .text               c_w.l(_sputc.o)
    0x08000d4e   0x08000d4e   0x00000002   PAD
    0x08000d50   0x08000d50   0x00000008   Code   RO        10309    .text               c_w.l(libspace.o)
    0x08000d58   0x08000d58   0x00000008   Code   RO        10332    .text               c_w.l(rt_locale_intlibspace.o)
    0x08000d60   0x08000d60   0x00000008   Code   RO        10337    .text               c_w.l(rt_errno_addr_intlibspace.o)
    0x08000d68   0x08000d68   0x0000008a   Code   RO        10347    .text               c_w.l(lludiv10.o)
    0x08000df2   0x08000df2   0x00000002   PAD
    0x08000df4   0x08000df4   0x00000080   Code   RO        10349    .text               c_w.l(_printf_fp_infnan.o)
    0x08000e74   0x08000e74   0x000000e4   Code   RO        10353    .text               c_w.l(bigflt0.o)
    0x08000f58   0x08000f58   0x00000002   Code   RO        10396    .text               c_w.l(use_no_semi.o)
    0x08000f5a   0x08000f5a   0x00000000   Code   RO        10398    .text               c_w.l(indicate_semi.o)
    0x08000f5a   0x08000f5a   0x0000004a   Code   RO        10399    .text               c_w.l(sys_stackheap_outer.o)
    0x08000fa4   0x08000fa4   0x00000012   Code   RO        10405    .text               c_w.l(exit.o)
    0x08000fb6   0x08000fb6   0x00000002   PAD
    0x08000fb8   0x08000fb8   0x00000068   Code   RO        10415    .text               c_w.l(strcmpv7m_pel.o)
    0x08001020   0x08001020   0x0000000c   Code   RO        10429    .text               c_w.l(sys_exit.o)
    0x0800102c   0x0800102c   0x0000003e   Code   RO        10356    CL$$btod_d2e        c_w.l(btod.o)
    0x0800106a   0x0800106a   0x00000046   Code   RO        10358    CL$$btod_d2e_denorm_low  c_w.l(btod.o)
    0x080010b0   0x080010b0   0x00000060   Code   RO        10357    CL$$btod_d2e_norm_op1  c_w.l(btod.o)
    0x08001110   0x08001110   0x00000338   Code   RO        10366    CL$$btod_div_common  c_w.l(btod.o)
    0x08001448   0x08001448   0x000000dc   Code   RO        10363    CL$$btod_e2e        c_w.l(btod.o)
    0x08001524   0x08001524   0x0000002a   Code   RO        10360    CL$$btod_ediv       c_w.l(btod.o)
    0x0800154e   0x0800154e   0x0000002a   Code   RO        10359    CL$$btod_emul       c_w.l(btod.o)
    0x08001578   0x08001578   0x00000244   Code   RO        10365    CL$$btod_mult_common  c_w.l(btod.o)
    0x080017bc   0x080017bc   0x0000010c   Code   RO         5773    i.ADC_ConfigureBoostMode  stm32h7xx_hal_adc.o
    0x080018c8   0x080018c8   0x0000007e   Code   RO         5778    i.ADC_Disable       stm32h7xx_hal_adc.o
    0x08001946   0x08001946   0x00000002   PAD
    0x08001948   0x08001948   0x000000bc   Code   RO         5779    i.ADC_Enable        stm32h7xx_hal_adc.o
    0x08001a04   0x08001a04   0x00000002   Code   RO          412    i.BusFault_Handler  stm32h7xx_it.o
    0x08001a06   0x08001a06   0x00000004   Code   RO         2630    i.CUSTOM_HID_DeInit_FS  usbd_custom_hid_if.o
    0x08001a0a   0x08001a0a   0x00000004   Code   RO         2631    i.CUSTOM_HID_Init_FS  usbd_custom_hid_if.o
    0x08001a0e   0x08001a0e   0x00000002   PAD
    0x08001a10   0x08001a10   0x00000018   Code   RO         2632    i.CUSTOM_HID_OutEvent_FS  usbd_custom_hid_if.o
    0x08001a28   0x08001a28   0x0000000c   Code   RO          413    i.DMA1_Stream0_IRQHandler  stm32h7xx_it.o
    0x08001a34   0x08001a34   0x0000000c   Code   RO          414    i.DMA1_Stream1_IRQHandler  stm32h7xx_it.o
    0x08001a40   0x08001a40   0x0000000c   Code   RO          415    i.DMA1_Stream2_IRQHandler  stm32h7xx_it.o
    0x08001a4c   0x08001a4c   0x0000000c   Code   RO          416    i.DMA1_Stream3_IRQHandler  stm32h7xx_it.o
    0x08001a58   0x08001a58   0x0000000c   Code   RO          417    i.DMA1_Stream4_IRQHandler  stm32h7xx_it.o
    0x08001a64   0x08001a64   0x0000000c   Code   RO          418    i.DMA1_Stream5_IRQHandler  stm32h7xx_it.o
    0x08001a70   0x08001a70   0x0000000c   Code   RO          419    i.DMA1_Stream6_IRQHandler  stm32h7xx_it.o
    0x08001a7c   0x08001a7c   0x0000000c   Code   RO          420    i.DMA1_Stream7_IRQHandler  stm32h7xx_it.o
    0x08001a88   0x08001a88   0x0000000c   Code   RO          421    i.DMA2_Stream0_IRQHandler  stm32h7xx_it.o
    0x08001a94   0x08001a94   0x000000dc   Code   RO         4095    i.DMA_CalcBaseAndBitshift  stm32h7xx_hal_dma.o
    0x08001b70   0x08001b70   0x00000044   Code   RO          728    i.DWT_Delay_Init    dwt_stm32_delay.o
    0x08001bb4   0x08001bb4   0x00000002   Code   RO          422    i.DebugMon_Handler  stm32h7xx_it.o
    0x08001bb6   0x08001bb6   0x00000002   PAD
    0x08001bb8   0x08001bb8   0x000000bc   Code   RO         1660    i.EEPROM_Read       fee_at24c128.o
    0x08001c74   0x08001c74   0x00000006   Code   RO          423    i.EXTI0_IRQHandler  stm32h7xx_it.o
    0x08001c7a   0x08001c7a   0x00000006   Code   RO          424    i.EXTI1_IRQHandler  stm32h7xx_it.o
    0x08001c80   0x08001c80   0x00000006   Code   RO          425    i.EXTI2_IRQHandler  stm32h7xx_it.o
    0x08001c86   0x08001c86   0x00000006   Code   RO          426    i.EXTI3_IRQHandler  stm32h7xx_it.o
    0x08001c8c   0x08001c8c   0x00000006   Code   RO          427    i.EXTI4_IRQHandler  stm32h7xx_it.o
    0x08001c92   0x08001c92   0x0000001a   Code   RO          428    i.EXTI9_5_IRQHandler  stm32h7xx_it.o
    0x08001cac   0x08001cac   0x00000004   Code   RO           13    i.Error_Handler     main.o
    0x08001cb0   0x08001cb0   0x00000080   Code   RO          758    i.FEE_ADC_Innit     fee_adc.o
    0x08001d30   0x08001d30   0x0000004c   Code   RO          759    i.FEE_ADC_Kalman_Filter  fee_adc.o
    0x08001d7c   0x08001d7c   0x0000006a   Code   RO         1361    i.FEE_Compass_Check_Connect  fee_compass.o
    0x08001de6   0x08001de6   0x000000b6   Code   RO         1362    i.FEE_Compass_Innit  fee_compass.o
    0x08001e9c   0x08001e9c   0x000001b4   Code   RO         1363    i.FEE_Compass_Process  fee_compass.o
    0x08002050   0x08002050   0x000000f8   Code   RO         1364    i.FEE_Compass_Process_All_Data  fee_compass.o
    0x08002148   0x08002148   0x0000002c   Code   RO          999    i.FEE_EXTI_Innit    fee_exti.o
    0x08002174   0x08002174   0x000002e0   Code   RO         1279    i.FEE_GPIO_Get_Data  fee_gpio.o
    0x08002454   0x08002454   0x000000ec   Code   RO         1280    i.FEE_GPIO_Innit    fee_gpio.o
    0x08002540   0x08002540   0x0000017c   Code   RO         1076    i.FEE_LCD_Innit     fee_lcd.o
    0x080026bc   0x080026bc   0x00000060   Code   RO         1861    i.FEE_Main_Phu_Innit  fee_main_phu.o
    0x0800271c   0x0800271c   0x00000048   Code   RO         1862    i.FEE_Main_Phu_Read  fee_main_phu.o
    0x08002764   0x08002764   0x00000068   Code   RO         1863    i.FEE_Main_Phu_Send  fee_main_phu.o
    0x080027cc   0x080027cc   0x000000a4   Code   RO         1313    i.FEE_PES_Check_Connect  fee_pes_control.o
    0x08002870   0x08002870   0x0000005c   Code   RO         1314    i.FEE_PES_Innit     fee_pes_control.o
    0x080028cc   0x080028cc   0x00000050   Code   RO          817    i.FEE_RTOS_Innit    fee_rtos.o
    0x0800291c   0x0800291c   0x0000002c   Code   RO         1913    i.FEE_Robot_Innit   fee_robot.o
    0x08002948   0x08002948   0x00000002   Code   RO         1136    i.FEE_SPI_Innit     fee_spi.o
    0x0800294a   0x0800294a   0x00000002   PAD
    0x0800294c   0x0800294c   0x0000004c   Code   RO         1773    i.FEE_STM32C8T6_Read  fee_stm32f103c8t6.o
    0x08002998   0x08002998   0x000000b0   Code   RO         2404    i.FEE_TuDong_Init   fee_tu_dong.o
    0x08002a48   0x08002a48   0x000001f0   Code   RO         1164    i.FEE_UART_Innit    fee_uart.o
    0x08002c38   0x08002c38   0x000000d4   Code   RO          939    i.FEE_USB_Innit     fee_usb.o
    0x08002d0c   0x08002d0c   0x000000a0   Code   RO         5970    i.HAL_ADCEx_Calibration_Start  stm32h7xx_hal_adc_ex.o
    0x08002dac   0x08002dac   0x0000010c   Code   RO         5990    i.HAL_ADCEx_MultiModeConfigChannel  stm32h7xx_hal_adc_ex.o
    0x08002eb8   0x08002eb8   0x00000498   Code   RO         5781    i.HAL_ADC_ConfigChannel  stm32h7xx_hal_adc.o
    0x08003350   0x08003350   0x00000006   Code   RO         5788    i.HAL_ADC_GetValue  stm32h7xx_hal_adc.o
    0x08003356   0x08003356   0x00000002   PAD
    0x08003358   0x08003358   0x0000027c   Code   RO         5790    i.HAL_ADC_Init      stm32h7xx_hal_adc.o
    0x080035d4   0x080035d4   0x000000ec   Code   RO          638    i.HAL_ADC_MspInit   stm32h7xx_hal_msp.o
    0x080036c0   0x080036c0   0x00000138   Code   RO         5794    i.HAL_ADC_PollForConversion  stm32h7xx_hal_adc.o
    0x080037f8   0x080037f8   0x00000114   Code   RO         5796    i.HAL_ADC_Start     stm32h7xx_hal_adc.o
    0x0800390c   0x0800390c   0x00000360   Code   RO         4097    i.HAL_DMA_Abort     stm32h7xx_hal_dma.o
    0x08003c6c   0x08003c6c   0x0000026c   Code   RO         4098    i.HAL_DMA_Abort_IT  stm32h7xx_hal_dma.o
    0x08003ed8   0x08003ed8   0x0000074c   Code   RO         4102    i.HAL_DMA_IRQHandler  stm32h7xx_hal_dma.o
    0x08004624   0x08004624   0x00000538   Code   RO         4103    i.HAL_DMA_Init      stm32h7xx_hal_dma.o
    0x08004b5c   0x08004b5c   0x00000028   Code   RO         4920    i.HAL_Delay         stm32h7xx_hal.o
    0x08004b84   0x08004b84   0x00000144   Code   RO          818    i.HAL_GPIO_EXTI_Callback  fee_rtos.o
    0x08004cc8   0x08004cc8   0x0000001a   Code   RO         3947    i.HAL_GPIO_EXTI_IRQHandler  stm32h7xx_hal_gpio.o
    0x08004ce2   0x08004ce2   0x00000002   PAD
    0x08004ce4   0x08004ce4   0x00000234   Code   RO         3948    i.HAL_GPIO_Init     stm32h7xx_hal_gpio.o
    0x08004f18   0x08004f18   0x0000000a   Code   RO         3950    i.HAL_GPIO_ReadPin  stm32h7xx_hal_gpio.o
    0x08004f22   0x08004f22   0x00000010   Code   RO         3951    i.HAL_GPIO_TogglePin  stm32h7xx_hal_gpio.o
    0x08004f32   0x08004f32   0x0000000a   Code   RO         3952    i.HAL_GPIO_WritePin  stm32h7xx_hal_gpio.o
    0x08004f3c   0x08004f3c   0x0000000c   Code   RO         4931    i.HAL_GetREVID      stm32h7xx_hal.o
    0x08004f48   0x08004f48   0x0000000c   Code   RO         4932    i.HAL_GetTick       stm32h7xx_hal.o
    0x08004f54   0x08004f54   0x00000064   Code   RO         5647    i.HAL_I2CEx_ConfigAnalogFilter  stm32h7xx_hal_i2c_ex.o
    0x08004fb8   0x08004fb8   0x00000060   Code   RO         5648    i.HAL_I2CEx_ConfigDigitalFilter  stm32h7xx_hal_i2c_ex.o
    0x08005018   0x08005018   0x000000b4   Code   RO         5236    i.HAL_I2C_Init      stm32h7xx_hal_i2c.o
    0x080050cc   0x080050cc   0x000001c0   Code   RO         5249    i.HAL_I2C_Master_Transmit  stm32h7xx_hal_i2c.o
    0x0800528c   0x0800528c   0x000001b0   Code   RO         5254    i.HAL_I2C_Mem_Read  stm32h7xx_hal_i2c.o
    0x0800543c   0x0800543c   0x000000b0   Code   RO          640    i.HAL_I2C_MspInit   stm32h7xx_hal_msp.o
    0x080054ec   0x080054ec   0x00000010   Code   RO         4938    i.HAL_IncTick       stm32h7xx_hal.o
    0x080054fc   0x080054fc   0x0000005c   Code   RO         4939    i.HAL_Init          stm32h7xx_hal.o
    0x08005558   0x08005558   0x00000040   Code   RO         4940    i.HAL_InitTick      stm32h7xx_hal.o
    0x08005598   0x08005598   0x00000060   Code   RO         4778    i.HAL_MPU_ConfigRegion  stm32h7xx_hal_cortex.o
    0x080055f8   0x080055f8   0x00000020   Code   RO         4779    i.HAL_MPU_Disable   stm32h7xx_hal_cortex.o
    0x08005618   0x08005618   0x00000024   Code   RO         4780    i.HAL_MPU_Enable    stm32h7xx_hal_cortex.o
    0x0800563c   0x0800563c   0x00000024   Code   RO          641    i.HAL_MspInit       stm32h7xx_hal_msp.o
    0x08005660   0x08005660   0x0000001e   Code   RO         4783    i.HAL_NVIC_EnableIRQ  stm32h7xx_hal_cortex.o
    0x0800567e   0x0800567e   0x00000002   PAD
    0x08005680   0x08005680   0x00000060   Code   RO         4789    i.HAL_NVIC_SetPriority  stm32h7xx_hal_cortex.o
    0x080056e0   0x080056e0   0x00000024   Code   RO         4790    i.HAL_NVIC_SetPriorityGrouping  stm32h7xx_hal_cortex.o
    0x08005704   0x08005704   0x00000024   Code   RO         4791    i.HAL_NVIC_SystemReset  stm32h7xx_hal_cortex.o
    0x08005728   0x08005728   0x00000026   Code   RO         3118    i.HAL_PCDEx_ActivateLPM  stm32h7xx_hal_pcd_ex.o
    0x0800574e   0x0800574e   0x00000002   Code   RO         3123    i.HAL_PCDEx_LPM_Callback  stm32h7xx_hal_pcd_ex.o
    0x08005750   0x08005750   0x00000008   Code   RO         3124    i.HAL_PCDEx_SetRxFiFo  stm32h7xx_hal_pcd_ex.o
    0x08005758   0x08005758   0x00000058   Code   RO         3125    i.HAL_PCDEx_SetTxFiFo  stm32h7xx_hal_pcd_ex.o
    0x080057b0   0x080057b0   0x00000008   Code   RO         2684    i.HAL_PCD_ConnectCallback  usbd_conf.o
    0x080057b8   0x080057b8   0x00000012   Code   RO         2685    i.HAL_PCD_DataInStageCallback  usbd_conf.o
    0x080057ca   0x080057ca   0x00000014   Code   RO         2686    i.HAL_PCD_DataOutStageCallback  usbd_conf.o
    0x080057de   0x080057de   0x00000008   Code   RO         2687    i.HAL_PCD_DisconnectCallback  usbd_conf.o
    0x080057e6   0x080057e6   0x0000004e   Code   RO         2905    i.HAL_PCD_EP_Close  stm32h7xx_hal_pcd.o
    0x08005834   0x08005834   0x0000005e   Code   RO         2906    i.HAL_PCD_EP_ClrStall  stm32h7xx_hal_pcd.o
    0x08005892   0x08005892   0x0000005e   Code   RO         2909    i.HAL_PCD_EP_Open   stm32h7xx_hal_pcd.o
    0x080058f0   0x080058f0   0x0000004a   Code   RO         2910    i.HAL_PCD_EP_Receive  stm32h7xx_hal_pcd.o
    0x0800593a   0x0800593a   0x00000072   Code   RO         2911    i.HAL_PCD_EP_SetStall  stm32h7xx_hal_pcd.o
    0x080059ac   0x080059ac   0x00000042   Code   RO         2912    i.HAL_PCD_EP_Transmit  stm32h7xx_hal_pcd.o
    0x080059ee   0x080059ee   0x00000002   PAD
    0x080059f0   0x080059f0   0x000007c4   Code   RO         2914    i.HAL_PCD_IRQHandler  stm32h7xx_hal_pcd.o
    0x080061b4   0x080061b4   0x00000008   Code   RO         2688    i.HAL_PCD_ISOINIncompleteCallback  usbd_conf.o
    0x080061bc   0x080061bc   0x00000008   Code   RO         2689    i.HAL_PCD_ISOOUTIncompleteCallback  usbd_conf.o
    0x080061c4   0x080061c4   0x00000124   Code   RO         2917    i.HAL_PCD_Init      stm32h7xx_hal_pcd.o
    0x080062e8   0x080062e8   0x00000084   Code   RO         2691    i.HAL_PCD_MspInit   usbd_conf.o
    0x0800636c   0x0800636c   0x0000002e   Code   RO         2692    i.HAL_PCD_ResetCallback  usbd_conf.o
    0x0800639a   0x0800639a   0x00000008   Code   RO         2693    i.HAL_PCD_ResumeCallback  usbd_conf.o
    0x080063a2   0x080063a2   0x00000008   Code   RO         2694    i.HAL_PCD_SOFCallback  usbd_conf.o
    0x080063aa   0x080063aa   0x00000028   Code   RO         2923    i.HAL_PCD_SetAddress  stm32h7xx_hal_pcd.o
    0x080063d2   0x080063d2   0x0000000e   Code   RO         2695    i.HAL_PCD_SetupStageCallback  usbd_conf.o
    0x080063e0   0x080063e0   0x00000040   Code   RO         2926    i.HAL_PCD_Start     stm32h7xx_hal_pcd.o
    0x08006420   0x08006420   0x00000034   Code   RO         2696    i.HAL_PCD_SuspendCallback  usbd_conf.o
    0x08006454   0x08006454   0x0000005c   Code   RO         4524    i.HAL_PWREx_ConfigSupply  stm32h7xx_hal_pwr_ex.o
    0x080064b0   0x080064b0   0x00000010   Code   RO         4541    i.HAL_PWREx_EnableUSBVoltageDetector  stm32h7xx_hal_pwr_ex.o
    0x080064c0   0x080064c0   0x00000024   Code   RO         3603    i.HAL_RCCEx_GetD3PCLK1Freq  stm32h7xx_hal_rcc_ex.o
    0x080064e4   0x080064e4   0x000001b0   Code   RO         3604    i.HAL_RCCEx_GetPLL1ClockFreq  stm32h7xx_hal_rcc_ex.o
    0x08006694   0x08006694   0x000001ac   Code   RO         3605    i.HAL_RCCEx_GetPLL2ClockFreq  stm32h7xx_hal_rcc_ex.o
    0x08006840   0x08006840   0x000001ac   Code   RO         3606    i.HAL_RCCEx_GetPLL3ClockFreq  stm32h7xx_hal_rcc_ex.o
    0x080069ec   0x080069ec   0x00000490   Code   RO         3608    i.HAL_RCCEx_GetPeriphCLKFreq  stm32h7xx_hal_rcc_ex.o
    0x08006e7c   0x08006e7c   0x00000990   Code   RO         3612    i.HAL_RCCEx_PeriphCLKConfig  stm32h7xx_hal_rcc_ex.o
    0x0800780c   0x0800780c   0x00000294   Code   RO         3488    i.HAL_RCC_ClockConfig  stm32h7xx_hal_rcc.o
    0x08007aa0   0x08007aa0   0x00000048   Code   RO         3493    i.HAL_RCC_GetHCLKFreq  stm32h7xx_hal_rcc.o
    0x08007ae8   0x08007ae8   0x0000005c   Code   RO         3495    i.HAL_RCC_GetPCLK1Freq  stm32h7xx_hal_rcc.o
    0x08007b44   0x08007b44   0x0000005c   Code   RO         3496    i.HAL_RCC_GetPCLK2Freq  stm32h7xx_hal_rcc.o
    0x08007ba0   0x08007ba0   0x000001a8   Code   RO         3497    i.HAL_RCC_GetSysClockFreq  stm32h7xx_hal_rcc.o
    0x08007d48   0x08007d48   0x00000614   Code   RO         3500    i.HAL_RCC_OscConfig  stm32h7xx_hal_rcc.o
    0x0800835c   0x0800835c   0x00000184   Code   RO         6180    i.HAL_SPI_Init      stm32h7xx_hal_spi.o
    0x080084e0   0x080084e0   0x000000cc   Code   RO          643    i.HAL_SPI_MspInit   stm32h7xx_hal_msp.o
    0x080085ac   0x080085ac   0x00000028   Code   RO         4794    i.HAL_SYSTICK_Config  stm32h7xx_hal_cortex.o
    0x080085d4   0x080085d4   0x00000002   Code   RO         7156    i.HAL_TIMEx_Break2Callback  stm32h7xx_hal_tim_ex.o
    0x080085d6   0x080085d6   0x00000002   Code   RO         7157    i.HAL_TIMEx_BreakCallback  stm32h7xx_hal_tim_ex.o
    0x080085d8   0x080085d8   0x00000002   Code   RO         7158    i.HAL_TIMEx_CommutCallback  stm32h7xx_hal_tim_ex.o
    0x080085da   0x080085da   0x00000002   Code   RO         6523    i.HAL_TIM_IC_CaptureCallback  stm32h7xx_hal_tim.o
    0x080085dc   0x080085dc   0x00000188   Code   RO         6537    i.HAL_TIM_IRQHandler  stm32h7xx_hal_tim.o
    0x08008764   0x08008764   0x00000002   Code   RO         6540    i.HAL_TIM_OC_DelayElapsedCallback  stm32h7xx_hal_tim.o
    0x08008766   0x08008766   0x00000002   Code   RO         6567    i.HAL_TIM_PWM_PulseFinishedCallback  stm32h7xx_hal_tim.o
    0x08008768   0x08008768   0x00000002   Code   RO          819    i.HAL_TIM_PeriodElapsedCallback  fee_rtos.o
    0x0800876a   0x0800876a   0x00000002   Code   RO         6580    i.HAL_TIM_TriggerCallback  stm32h7xx_hal_tim.o
    0x0800876c   0x0800876c   0x00000048   Code   RO         7850    i.HAL_UARTEx_DisableFifoMode  stm32h7xx_hal_uart_ex.o
    0x080087b4   0x080087b4   0x00000002   Code   RO          820    i.HAL_UARTEx_RxEventCallback  fee_rtos.o
    0x080087b6   0x080087b6   0x00000002   Code   RO         7857    i.HAL_UARTEx_RxFifoFullCallback  stm32h7xx_hal_uart_ex.o
    0x080087b8   0x080087b8   0x0000008c   Code   RO         7858    i.HAL_UARTEx_SetRxFifoThreshold  stm32h7xx_hal_uart_ex.o
    0x08008844   0x08008844   0x0000008c   Code   RO         7859    i.HAL_UARTEx_SetTxFifoThreshold  stm32h7xx_hal_uart_ex.o
    0x080088d0   0x080088d0   0x00000002   Code   RO         7861    i.HAL_UARTEx_TxFifoEmptyCallback  stm32h7xx_hal_uart_ex.o
    0x080088d2   0x080088d2   0x00000002   Code   RO         7862    i.HAL_UARTEx_WakeupCallback  stm32h7xx_hal_uart_ex.o
    0x080088d4   0x080088d4   0x00000002   Code   RO         7467    i.HAL_UART_ErrorCallback  stm32h7xx_hal_uart.o
    0x080088d6   0x080088d6   0x00000002   PAD
    0x080088d8   0x080088d8   0x00000438   Code   RO         7470    i.HAL_UART_IRQHandler  stm32h7xx_hal_uart.o
    0x08008d10   0x08008d10   0x0000006e   Code   RO         7471    i.HAL_UART_Init     stm32h7xx_hal_uart.o
    0x08008d7e   0x08008d7e   0x00000002   PAD
    0x08008d80   0x08008d80   0x0000047e   Code   RO          648    i.HAL_UART_MspInit  stm32h7xx_hal_msp.o
    0x080091fe   0x080091fe   0x00000060   Code   RO         7476    i.HAL_UART_Receive_IT  stm32h7xx_hal_uart.o
    0x0800925e   0x0800925e   0x00000002   PAD
    0x08009260   0x08009260   0x00000168   Code   RO          821    i.HAL_UART_RxCpltCallback  fee_rtos.o
    0x080093c8   0x080093c8   0x000000cc   Code   RO         7480    i.HAL_UART_Transmit  stm32h7xx_hal_uart.o
    0x08009494   0x08009494   0x000000bc   Code   RO         7482    i.HAL_UART_Transmit_IT  stm32h7xx_hal_uart.o
    0x08009550   0x08009550   0x00000002   Code   RO         7483    i.HAL_UART_TxCpltCallback  stm32h7xx_hal_uart.o
    0x08009552   0x08009552   0x00000002   Code   RO          429    i.HardFault_Handler  stm32h7xx_it.o
    0x08009554   0x08009554   0x0000014c   Code   RO         5286    i.I2C_IsErrorOccurred  stm32h7xx_hal_i2c.o
    0x080096a0   0x080096a0   0x00000078   Code   RO         5289    i.I2C_RequestMemoryRead  stm32h7xx_hal_i2c.o
    0x08009718   0x08009718   0x0000006e   Code   RO         5293    i.I2C_WaitOnFlagUntilTimeout  stm32h7xx_hal_i2c.o
    0x08009786   0x08009786   0x00000058   Code   RO         5294    i.I2C_WaitOnSTOPFlagUntilTimeout  stm32h7xx_hal_i2c.o
    0x080097de   0x080097de   0x0000005e   Code   RO         5295    i.I2C_WaitOnTXISFlagUntilTimeout  stm32h7xx_hal_i2c.o
    0x0800983c   0x0800983c   0x0000005c   Code   RO         2501    i.MX_USB_DEVICE_Init  usb_device.o
    0x08009898   0x08009898   0x00000002   Code   RO          430    i.MemManage_Handler  stm32h7xx_it.o
    0x0800989a   0x0800989a   0x00000002   Code   RO          431    i.NMI_Handler       stm32h7xx_it.o
    0x0800989c   0x0800989c   0x0000000c   Code   RO          432    i.OTG_FS_IRQHandler  stm32h7xx_it.o
    0x080098a8   0x080098a8   0x00000144   Code   RO         3615    i.RCCEx_PLL2_Config  stm32h7xx_hal_rcc_ex.o
    0x080099ec   0x080099ec   0x00000144   Code   RO         3616    i.RCCEx_PLL3_Config  stm32h7xx_hal_rcc_ex.o
    0x08009b30   0x08009b30   0x0000003c   Code   RO         1368    i.Round_angle       fee_compass.o
    0x08009b6c   0x08009b6c   0x000000ac   Code   RO         2062    i.SET_MAIN_ADC_Channel  fee_thread3.o
    0x08009c18   0x08009c18   0x0000003a   Code   RO         1369    i.Set_Angle         fee_compass.o
    0x08009c52   0x08009c52   0x0000000e   Code   RO         1720    i.SimpleKalmanFilter  fee_kalman_filter.o
    0x08009c60   0x08009c60   0x00000094   Code   RO         1998    i.StartDefaultTask  fee_thread1.o
    0x08009cf4   0x08009cf4   0x000000b4   Code   RO         2032    i.StartTask02       fee_thread2.o
    0x08009da8   0x08009da8   0x0000011c   Code   RO         2063    i.StartTask03       fee_thread3.o
    0x08009ec4   0x08009ec4   0x000000c4   Code   RO         2093    i.StartTask04       fee_thread4.o
    0x08009f88   0x08009f88   0x00000a68   Code   RO         2121    i.StartTask05       fee_thread5.o
    0x0800a9f0   0x0800a9f0   0x000000f0   Code   RO         2152    i.StartTask06       fee_thread6.o
    0x0800aae0   0x0800aae0   0x00000050   Code   RO         2177    i.StartTask07       fee_thread7.o
    0x0800ab30   0x0800ab30   0x0000001c   Code   RO         2201    i.StartTask08       fee_thread8.o
    0x0800ab4c   0x0800ab4c   0x00000028   Code   RO         2226    i.StartTask09       fee_thread9.o
    0x0800ab74   0x0800ab74   0x00000008   Code   RO         2251    i.StartTask10       fee_thread10.o
    0x0800ab7c   0x0800ab7c   0x00000008   Code   RO         2276    i.StartTask11       fee_thread11.o
    0x0800ab84   0x0800ab84   0x000000ac   Code   RO         2301    i.StartTask12       fee_thread12.o
    0x0800ac30   0x0800ac30   0x00000058   Code   RO         2329    i.StartTask13       fee_thread13.o
    0x0800ac88   0x0800ac88   0x00000006   Code   RO         2354    i.StartTask14       fee_thread14.o
    0x0800ac8e   0x0800ac8e   0x0000000c   Code   RO         2379    i.StartTask15       fee_thread15.o
    0x0800ac9a   0x0800ac9a   0x00000002   PAD
    0x0800ac9c   0x0800ac9c   0x00000044   Code   RO         1440    i.Stop_PID          fee_swerve_driver.o
    0x0800ace0   0x0800ace0   0x00000514   Code   RO         1443    i.Swerve_4_V2       fee_swerve_driver.o
    0x0800b1f4   0x0800b1f4   0x00000004   PAD
    0x0800b1f8   0x0800b1f8   0x000004ea   Code   RO         1444    i.Swerve_4_V2_laitay  fee_swerve_driver.o
    0x0800b6e2   0x0800b6e2   0x00000018   Code   RO          433    i.SysTick_Handler   stm32h7xx_it.o
    0x0800b6fa   0x0800b6fa   0x00000002   PAD
    0x0800b6fc   0x0800b6fc   0x000000c4   Code   RO           15    i.SystemClock_Config  main.o
    0x0800b7c0   0x0800b7c0   0x00000104   Code   RO         7958    i.SystemInit        system_stm32h7xx.o
    0x0800b8c4   0x0800b8c4   0x0000000c   Code   RO          434    i.TIM3_IRQHandler   stm32h7xx_it.o
    0x0800b8d0   0x0800b8d0   0x0000000c   Code   RO          435    i.TIM4_IRQHandler   stm32h7xx_it.o
    0x0800b8dc   0x0800b8dc   0x0000000c   Code   RO          436    i.UART4_IRQHandler  stm32h7xx_it.o
    0x0800b8e8   0x0800b8e8   0x0000000c   Code   RO          437    i.UART5_IRQHandler  stm32h7xx_it.o
    0x0800b8f4   0x0800b8f4   0x0000000c   Code   RO          438    i.UART7_IRQHandler  stm32h7xx_it.o
    0x0800b900   0x0800b900   0x0000000c   Code   RO          439    i.UART8_IRQHandler  stm32h7xx_it.o
    0x0800b90c   0x0800b90c   0x000000da   Code   RO         7485    i.UART_AdvFeatureConfig  stm32h7xx_hal_uart.o
    0x0800b9e6   0x0800b9e6   0x00000064   Code   RO         7486    i.UART_CheckIdleState  stm32h7xx_hal_uart.o
    0x0800ba4a   0x0800ba4a   0x00000014   Code   RO         7487    i.UART_DMAAbortOnError  stm32h7xx_hal_uart.o
    0x0800ba5e   0x0800ba5e   0x000000a8   Code   RO         7497    i.UART_RxISR_16BIT  stm32h7xx_hal_uart.o
    0x0800bb06   0x0800bb06   0x00000002   PAD
    0x0800bb08   0x0800bb08   0x00000188   Code   RO         7498    i.UART_RxISR_16BIT_FIFOEN  stm32h7xx_hal_uart.o
    0x0800bc90   0x0800bc90   0x000000a6   Code   RO         7499    i.UART_RxISR_8BIT   stm32h7xx_hal_uart.o
    0x0800bd36   0x0800bd36   0x00000002   PAD
    0x0800bd38   0x0800bd38   0x00000188   Code   RO         7500    i.UART_RxISR_8BIT_FIFOEN  stm32h7xx_hal_uart.o
    0x0800bec0   0x0800bec0   0x000003c0   Code   RO         7501    i.UART_SetConfig    stm32h7xx_hal_uart.o
    0x0800c280   0x0800c280   0x00000128   Code   RO         7503    i.UART_Start_Receive_IT  stm32h7xx_hal_uart.o
    0x0800c3a8   0x0800c3a8   0x00000054   Code   RO         7504    i.UART_TxISR_16BIT  stm32h7xx_hal_uart.o
    0x0800c3fc   0x0800c3fc   0x00000072   Code   RO         7505    i.UART_TxISR_16BIT_FIFOEN  stm32h7xx_hal_uart.o
    0x0800c46e   0x0800c46e   0x00000050   Code   RO         7506    i.UART_TxISR_8BIT   stm32h7xx_hal_uart.o
    0x0800c4be   0x0800c4be   0x0000006e   Code   RO         7507    i.UART_TxISR_8BIT_FIFOEN  stm32h7xx_hal_uart.o
    0x0800c52c   0x0800c52c   0x000000e4   Code   RO         7508    i.UART_WaitOnFlagUntilTimeout  stm32h7xx_hal_uart.o
    0x0800c610   0x0800c610   0x0000000c   Code   RO          440    i.USART1_IRQHandler  stm32h7xx_it.o
    0x0800c61c   0x0800c61c   0x0000000c   Code   RO          441    i.USART2_IRQHandler  stm32h7xx_it.o
    0x0800c628   0x0800c628   0x0000000c   Code   RO          442    i.USART3_IRQHandler  stm32h7xx_it.o
    0x0800c634   0x0800c634   0x0000000c   Code   RO          443    i.USART6_IRQHandler  stm32h7xx_it.o
    0x0800c640   0x0800c640   0x00000016   Code   RO         9506    i.USBD_CUSTOM_HID_DataIn  usbd_customhid.o
    0x0800c656   0x0800c656   0x00000002   PAD
    0x0800c658   0x0800c658   0x0000004c   Code   RO         9507    i.USBD_CUSTOM_HID_DataOut  usbd_customhid.o
    0x0800c6a4   0x0800c6a4   0x0000007c   Code   RO         9508    i.USBD_CUSTOM_HID_DeInit  usbd_customhid.o
    0x0800c720   0x0800c720   0x00000030   Code   RO         9509    i.USBD_CUSTOM_HID_EP0_RxReady  usbd_customhid.o
    0x0800c750   0x0800c750   0x0000000c   Code   RO         9510    i.USBD_CUSTOM_HID_GetDeviceQualifierDesc  usbd_customhid.o
    0x0800c75c   0x0800c75c   0x0000003c   Code   RO         9511    i.USBD_CUSTOM_HID_GetFSCfgDesc  usbd_customhid.o
    0x0800c798   0x0800c798   0x0000003c   Code   RO         9512    i.USBD_CUSTOM_HID_GetHSCfgDesc  usbd_customhid.o
    0x0800c7d4   0x0800c7d4   0x0000003c   Code   RO         9513    i.USBD_CUSTOM_HID_GetOtherSpeedCfgDesc  usbd_customhid.o
    0x0800c810   0x0800c810   0x000000b8   Code   RO         9514    i.USBD_CUSTOM_HID_Init  usbd_customhid.o
    0x0800c8c8   0x0800c8c8   0x00000028   Code   RO         9515    i.USBD_CUSTOM_HID_ReceivePacket  usbd_customhid.o
    0x0800c8f0   0x0800c8f0   0x00000018   Code   RO         9516    i.USBD_CUSTOM_HID_RegisterInterface  usbd_customhid.o
    0x0800c908   0x0800c908   0x00000108   Code   RO         9518    i.USBD_CUSTOM_HID_Setup  usbd_customhid.o
    0x0800ca10   0x0800ca10   0x00000016   Code   RO         9186    i.USBD_ClrClassConfig  usbd_core.o
    0x0800ca26   0x0800ca26   0x00000004   Code   RO         9187    i.USBD_CoreFindEP   usbd_core.o
    0x0800ca2a   0x0800ca2a   0x00000004   Code   RO         9188    i.USBD_CoreFindIF   usbd_core.o
    0x0800ca2e   0x0800ca2e   0x00000010   Code   RO         9433    i.USBD_CtlContinueRx  usbd_ioreq.o
    0x0800ca3e   0x0800ca3e   0x00000010   Code   RO         9434    i.USBD_CtlContinueSendData  usbd_ioreq.o
    0x0800ca4e   0x0800ca4e   0x00000016   Code   RO         9358    i.USBD_CtlError     usbd_ctlreq.o
    0x0800ca64   0x0800ca64   0x0000001e   Code   RO         9435    i.USBD_CtlPrepareRx  usbd_ioreq.o
    0x0800ca82   0x0800ca82   0x00000016   Code   RO         9436    i.USBD_CtlReceiveStatus  usbd_ioreq.o
    0x0800ca98   0x0800ca98   0x0000001a   Code   RO         9437    i.USBD_CtlSendData  usbd_ioreq.o
    0x0800cab2   0x0800cab2   0x00000016   Code   RO         9438    i.USBD_CtlSendStatus  usbd_ioreq.o
    0x0800cac8   0x0800cac8   0x00000028   Code   RO         2540    i.USBD_FS_ConfigStrDescriptor  usbd_desc.o
    0x0800caf0   0x0800caf0   0x0000000c   Code   RO         2541    i.USBD_FS_DeviceDescriptor  usbd_desc.o
    0x0800cafc   0x0800cafc   0x0000002c   Code   RO         2542    i.USBD_FS_InterfaceStrDescriptor  usbd_desc.o
    0x0800cb28   0x0800cb28   0x0000000c   Code   RO         2543    i.USBD_FS_LangIDStrDescriptor  usbd_desc.o
    0x0800cb34   0x0800cb34   0x00000020   Code   RO         2544    i.USBD_FS_ManufacturerStrDescriptor  usbd_desc.o
    0x0800cb54   0x0800cb54   0x0000002c   Code   RO         2545    i.USBD_FS_ProductStrDescriptor  usbd_desc.o
    0x0800cb80   0x0800cb80   0x00000080   Code   RO         2546    i.USBD_FS_SerialStrDescriptor  usbd_desc.o
    0x0800cc00   0x0800cc00   0x00000036   Code   RO         9190    i.USBD_GetEpDesc    usbd_core.o
    0x0800cc36   0x0800cc36   0x0000006c   Code   RO         9359    i.USBD_GetString    usbd_ctlreq.o
    0x0800cca2   0x0800cca2   0x0000002a   Code   RO         9192    i.USBD_Init         usbd_core.o
    0x0800cccc   0x0800cccc   0x00000024   Code   RO         2698    i.USBD_LL_ClearStallEP  usbd_conf.o
    0x0800ccf0   0x0800ccf0   0x00000024   Code   RO         2699    i.USBD_LL_CloseEP   usbd_conf.o
    0x0800cd14   0x0800cd14   0x000000c4   Code   RO         9193    i.USBD_LL_DataInStage  usbd_core.o
    0x0800cdd8   0x0800cdd8   0x00000094   Code   RO         9194    i.USBD_LL_DataOutStage  usbd_core.o
    0x0800ce6c   0x0800ce6c   0x00000004   Code   RO         9195    i.USBD_LL_DevConnected  usbd_core.o
    0x0800ce70   0x0800ce70   0x00000022   Code   RO         9196    i.USBD_LL_DevDisconnected  usbd_core.o
    0x0800ce92   0x0800ce92   0x00000002   PAD
    0x0800ce94   0x0800ce94   0x00000068   Code   RO         2704    i.USBD_LL_Init      usbd_conf.o
    0x0800cefc   0x0800cefc   0x00000020   Code   RO         2705    i.USBD_LL_IsStallEP  usbd_conf.o
    0x0800cf1c   0x0800cf1c   0x0000002a   Code   RO         9197    i.USBD_LL_IsoINIncomplete  usbd_core.o
    0x0800cf46   0x0800cf46   0x0000002a   Code   RO         9198    i.USBD_LL_IsoOUTIncomplete  usbd_core.o
    0x0800cf70   0x0800cf70   0x0000002a   Code   RO         2706    i.USBD_LL_OpenEP    usbd_conf.o
    0x0800cf9a   0x0800cf9a   0x00000024   Code   RO         2707    i.USBD_LL_PrepareReceive  usbd_conf.o
    0x0800cfbe   0x0800cfbe   0x00000066   Code   RO         9199    i.USBD_LL_Reset     usbd_core.o
    0x0800d024   0x0800d024   0x00000014   Code   RO         9200    i.USBD_LL_Resume    usbd_core.o
    0x0800d038   0x0800d038   0x0000001e   Code   RO         9201    i.USBD_LL_SOF       usbd_core.o
    0x0800d056   0x0800d056   0x00000006   Code   RO         9202    i.USBD_LL_SetSpeed  usbd_core.o
    0x0800d05c   0x0800d05c   0x00000024   Code   RO         2708    i.USBD_LL_SetUSBAddress  usbd_conf.o
    0x0800d080   0x0800d080   0x00000064   Code   RO         9203    i.USBD_LL_SetupStage  usbd_core.o
    0x0800d0e4   0x0800d0e4   0x00000024   Code   RO         2709    i.USBD_LL_StallEP   usbd_conf.o
    0x0800d108   0x0800d108   0x00000024   Code   RO         2710    i.USBD_LL_Start     usbd_conf.o
    0x0800d12c   0x0800d12c   0x00000012   Code   RO         9204    i.USBD_LL_Suspend   usbd_core.o
    0x0800d13e   0x0800d13e   0x00000024   Code   RO         2712    i.USBD_LL_Transmit  usbd_conf.o
    0x0800d162   0x0800d162   0x00000028   Code   RO         9360    i.USBD_ParseSetupRequest  usbd_ctlreq.o
    0x0800d18a   0x0800d18a   0x0000003c   Code   RO         9205    i.USBD_RegisterClass  usbd_core.o
    0x0800d1c6   0x0800d1c6   0x00000014   Code   RO         9207    i.USBD_SetClassConfig  usbd_core.o
    0x0800d1da   0x0800d1da   0x00000004   Code   RO         9208    i.USBD_Start        usbd_core.o
    0x0800d1de   0x0800d1de   0x00000002   PAD
    0x0800d1e0   0x0800d1e0   0x00000320   Code   RO         9361    i.USBD_StdDevReq    usbd_ctlreq.o
    0x0800d500   0x0800d500   0x000001b0   Code   RO         9362    i.USBD_StdEPReq     usbd_ctlreq.o
    0x0800d6b0   0x0800d6b0   0x00000078   Code   RO         9363    i.USBD_StdItfReq    usbd_ctlreq.o
    0x0800d728   0x0800d728   0x00000002   Code   RO         2713    i.USBD_static_free  usbd_conf.o
    0x0800d72a   0x0800d72a   0x00000002   PAD
    0x0800d72c   0x0800d72c   0x00000008   Code   RO         2714    i.USBD_static_malloc  usbd_conf.o
    0x0800d734   0x0800d734   0x0000009c   Code   RO         3190    i.USB_ActivateEndpoint  stm32h7xx_ll_usb.o
    0x0800d7d0   0x0800d7d0   0x0000001c   Code   RO         3192    i.USB_ActivateSetup  stm32h7xx_ll_usb.o
    0x0800d7ec   0x0800d7ec   0x000000f4   Code   RO         3194    i.USB_CoreInit      stm32h7xx_ll_usb.o
    0x0800d8e0   0x0800d8e0   0x000000e0   Code   RO         3197    i.USB_DeactivateEndpoint  stm32h7xx_ll_usb.o
    0x0800d9c0   0x0800d9c0   0x0000001c   Code   RO         3198    i.USB_DevConnect    stm32h7xx_ll_usb.o
    0x0800d9dc   0x0800d9dc   0x0000001c   Code   RO         3199    i.USB_DevDisconnect  stm32h7xx_ll_usb.o
    0x0800d9f8   0x0800d9f8   0x000001a0   Code   RO         3200    i.USB_DevInit       stm32h7xx_ll_usb.o
    0x0800db98   0x0800db98   0x0000000c   Code   RO         3201    i.USB_DisableGlobalInt  stm32h7xx_ll_usb.o
    0x0800dba4   0x0800dba4   0x0000013a   Code   RO         3204    i.USB_EP0StartXfer  stm32h7xx_ll_usb.o
    0x0800dcde   0x0800dcde   0x00000002   PAD
    0x0800dce0   0x0800dce0   0x0000005c   Code   RO         3205    i.USB_EP0_OutStart  stm32h7xx_ll_usb.o
    0x0800dd3c   0x0800dd3c   0x0000005a   Code   RO         3206    i.USB_EPClearStall  stm32h7xx_ll_usb.o
    0x0800dd96   0x0800dd96   0x0000005e   Code   RO         3207    i.USB_EPSetStall    stm32h7xx_ll_usb.o
    0x0800ddf4   0x0800ddf4   0x00000232   Code   RO         3208    i.USB_EPStartXfer   stm32h7xx_ll_usb.o
    0x0800e026   0x0800e026   0x000000ac   Code   RO         3209    i.USB_EPStopXfer    stm32h7xx_ll_usb.o
    0x0800e0d2   0x0800e0d2   0x0000000c   Code   RO         3210    i.USB_EnableGlobalInt  stm32h7xx_ll_usb.o
    0x0800e0de   0x0800e0de   0x00000002   PAD
    0x0800e0e0   0x0800e0e0   0x00000044   Code   RO         3211    i.USB_FlushRxFifo   stm32h7xx_ll_usb.o
    0x0800e124   0x0800e124   0x0000004c   Code   RO         3212    i.USB_FlushTxFifo   stm32h7xx_ll_usb.o
    0x0800e170   0x0800e170   0x00000018   Code   RO         3214    i.USB_GetDevSpeed   stm32h7xx_ll_usb.o
    0x0800e188   0x0800e188   0x00000008   Code   RO         3216    i.USB_GetMode       stm32h7xx_ll_usb.o
    0x0800e190   0x0800e190   0x0000000e   Code   RO         3223    i.USB_ReadDevAllInEpInterrupt  stm32h7xx_ll_usb.o
    0x0800e19e   0x0800e19e   0x0000000e   Code   RO         3224    i.USB_ReadDevAllOutEpInterrupt  stm32h7xx_ll_usb.o
    0x0800e1ac   0x0800e1ac   0x00000022   Code   RO         3225    i.USB_ReadDevInEPInterrupt  stm32h7xx_ll_usb.o
    0x0800e1ce   0x0800e1ce   0x00000010   Code   RO         3226    i.USB_ReadDevOutEPInterrupt  stm32h7xx_ll_usb.o
    0x0800e1de   0x0800e1de   0x00000008   Code   RO         3227    i.USB_ReadInterrupts  stm32h7xx_ll_usb.o
    0x0800e1e6   0x0800e1e6   0x0000006c   Code   RO         3228    i.USB_ReadPacket    stm32h7xx_ll_usb.o
    0x0800e252   0x0800e252   0x0000005e   Code   RO         3230    i.USB_SetCurrentMode  stm32h7xx_ll_usb.o
    0x0800e2b0   0x0800e2b0   0x00000022   Code   RO         3231    i.USB_SetDevAddress  stm32h7xx_ll_usb.o
    0x0800e2d2   0x0800e2d2   0x00000002   PAD
    0x0800e2d4   0x0800e2d4   0x000000e4   Code   RO         3233    i.USB_SetTurnaroundTime  stm32h7xx_ll_usb.o
    0x0800e3b8   0x0800e3b8   0x00000036   Code   RO         3236    i.USB_WritePacket   stm32h7xx_ll_usb.o
    0x0800e3ee   0x0800e3ee   0x00000002   Code   RO          444    i.UsageFault_Handler  stm32h7xx_it.o
    0x0800e3f0   0x0800e3f0   0x00000008   Code   RO         1424    i.__ARM_common_memclr4_8  fee_compass.o
    0x0800e3f8   0x0800e3f8   0x0000000a   Code   RO         1894    i.__ARM_common_memcpy4_8  fee_main_phu.o
    0x0800e402   0x0800e402   0x00000030   Code   RO        10291    i.__ARM_fpclassify  m_wv.l(fpclassify.o)
    0x0800e432   0x0800e432   0x00000006   PAD
    0x0800e438   0x0800e438   0x00000200   Code   RO        10075    i.__hardfp_atan     m_wv.l(atan.o)
    0x0800e638   0x0800e638   0x000001c8   Code   RO        10089    i.__hardfp_atan2    m_wv.l(atan2.o)
    0x0800e800   0x0800e800   0x000000b0   Code   RO        10101    i.__hardfp_cos      m_wv.l(cos.o)
    0x0800e8b0   0x0800e8b0   0x000000f0   Code   RO        10113    i.__hardfp_floor    m_wv.l(floor.o)
    0x0800e9a0   0x0800e9a0   0x0000023c   Code   RO        10119    i.__hardfp_log      m_wv.l(log.o)
    0x0800ebdc   0x0800ebdc   0x00000004   PAD
    0x0800ebe0   0x0800ebe0   0x000008f8   Code   RO        10133    i.__hardfp_pow      m_wv.l(pow.o)
    0x0800f4d8   0x0800f4d8   0x000000b0   Code   RO        10147    i.__hardfp_sin      m_wv.l(sin.o)
    0x0800f588   0x0800f588   0x00000066   Code   RO        10159    i.__hardfp_sqrt     m_wv.l(sqrt.o)
    0x0800f5ee   0x0800f5ee   0x00000002   PAD
    0x0800f5f0   0x0800f5f0   0x00000310   Code   RO        10296    i.__ieee754_rem_pio2  m_wv.l(rred.o)
    0x0800f900   0x0800f900   0x000000e0   Code   RO        10268    i.__kernel_cos      m_wv.l(cos_i.o)
    0x0800f9e0   0x0800f9e0   0x00000070   Code   RO        10293    i.__kernel_poly     m_wv.l(poly.o)
    0x0800fa50   0x0800fa50   0x000000a8   Code   RO        10301    i.__kernel_sin      m_wv.l(sin_i.o)
    0x0800faf8   0x0800faf8   0x00000020   Code   RO        10271    i.__mathlib_dbl_divzero  m_wv.l(dunder.o)
    0x0800fb18   0x0800fb18   0x00000006   Code   RO        10272    i.__mathlib_dbl_infnan  m_wv.l(dunder.o)
    0x0800fb1e   0x0800fb1e   0x00000006   Code   RO        10273    i.__mathlib_dbl_infnan2  m_wv.l(dunder.o)
    0x0800fb24   0x0800fb24   0x00000004   PAD
    0x0800fb28   0x0800fb28   0x00000018   Code   RO        10274    i.__mathlib_dbl_invalid  m_wv.l(dunder.o)
    0x0800fb40   0x0800fb40   0x00000018   Code   RO        10275    i.__mathlib_dbl_overflow  m_wv.l(dunder.o)
    0x0800fb58   0x0800fb58   0x00000018   Code   RO        10277    i.__mathlib_dbl_underflow  m_wv.l(dunder.o)
    0x0800fb70   0x0800fb70   0x0000000e   Code   RO        10046    i._is_digit         c_w.l(__printf_wp.o)
    0x0800fb7e   0x0800fb7e   0x00000010   Code   RO        10077    i.atan              m_wv.l(atan.o)
    0x0800fb8e   0x0800fb8e   0x00000002   PAD
    0x0800fb90   0x0800fb90   0x00000010   Code   RO         1914    i.day_lua_ra        fee_robot.o
    0x0800fba0   0x0800fba0   0x00000010   Code   RO         1915    i.day_tay_tha_lua   fee_robot.o
    0x0800fbb0   0x0800fbb0   0x00000098   Code   RO         2411    i.di_chuyen_lay_lua  fee_tu_dong.o
    0x0800fc48   0x0800fc48   0x00000248   Code   RO         2412    i.di_chuyen_start   fee_tu_dong.o
    0x0800fe90   0x0800fe90   0x00000010   Code   RO         1916    i.encoder_di_ngang  fee_robot.o
    0x0800fea0   0x0800fea0   0x00000010   Code   RO         1917    i.encoder_di_thang  fee_robot.o
    0x0800feb0   0x0800feb0   0x00000018   Code   RO        10287    i.fabs              m_wv.l(fabs.o)
    0x0800fec8   0x0800fec8   0x000001ec   Code   RO         1450    i.goc_gan_nhat      fee_swerve_driver.o
    0x080100b4   0x080100b4   0x00000010   Code   RO         1918    i.keo_lua_vao       fee_robot.o
    0x080100c4   0x080100c4   0x00000044   Code   RO         1077    i.lcd_clear         fee_lcd.o
    0x08010108   0x08010108   0x00000180   Code   RO         1078    i.lcd_init          fee_lcd.o
    0x08010288   0x08010288   0x0000005c   Code   RO         1079    i.lcd_put_cur       fee_lcd.o
    0x080102e4   0x080102e4   0x0000005c   Code   RO         1082    i.lcd_send_string   fee_lcd.o
    0x08010340   0x08010340   0x00000a00   Code   RO           16    i.main              main.o
    0x08010d40   0x08010d40   0x00000344   Code   RO         1919    i.nut_lai_tay       fee_robot.o
    0x08011084   0x08011084   0x000002c4   Code   RO         2413    i.nut_lai_tay_td7_san_do  fee_tu_dong.o
    0x08011348   0x08011348   0x00000010   Code   RO         8699    i.osDelay           cmsis_os.o
    0x08011358   0x08011358   0x0000000a   Code   RO         8702    i.osKernelStart     cmsis_os.o
    0x08011362   0x08011362   0x0000006c   Code   RO         8736    i.osThreadCreate    cmsis_os.o
    0x080113ce   0x080113ce   0x00000002   PAD
    0x080113d0   0x080113d0   0x000000b0   Code   RO         1315    i.pes_uart_event_handle  fee_pes_control.o
    0x08011480   0x08011480   0x0000004c   Code   RO         1166    i.pid_dc1           fee_uart.o
    0x080114cc   0x080114cc   0x0000004c   Code   RO         1170    i.pid_dc2           fee_uart.o
    0x08011518   0x08011518   0x0000004c   Code   RO         1171    i.pid_dc3           fee_uart.o
    0x08011564   0x08011564   0x0000004c   Code   RO         1172    i.pid_dc4           fee_uart.o
    0x080115b0   0x080115b0   0x00000044   Code   RO         1173    i.pid_dc5           fee_uart.o
    0x080115f4   0x080115f4   0x00000044   Code   RO         1174    i.pid_dc6           fee_uart.o
    0x08011638   0x08011638   0x00000044   Code   RO         1175    i.pid_dc7           fee_uart.o
    0x0801167c   0x0801167c   0x00000044   Code   RO         1176    i.pid_dc8           fee_uart.o
    0x080116c0   0x080116c0   0x00000074   Code   RO         8405    i.prvAddCurrentTaskToDelayedList  tasks.o
    0x08011734   0x08011734   0x000000e4   Code   RO         8406    i.prvAddNewTaskToReadyList  tasks.o
    0x08011818   0x08011818   0x0000008c   Code   RO         8407    i.prvIdleTask       tasks.o
    0x080118a4   0x080118a4   0x0000002c   Code   RO         9107    i.prvTaskExitError  port.o
    0x080118d0   0x080118d0   0x00000198   Code   RO         9049    i.pvPortMalloc      heap_4.o
    0x08011a68   0x08011a68   0x00000030   Code   RO         9108    i.pxPortInitialiseStack  port.o
    0x08011a98   0x08011a98   0x0000000c   Code   RO         1920    i.reset_encoder     fee_robot.o
    0x08011aa4   0x08011aa4   0x000001f0   Code   RO          942    i.send_50b          fee_usb.o
    0x08011c94   0x08011c94   0x0000004e   Code   RO         1453    i.songSongThanh     fee_swerve_driver.o
    0x08011ce2   0x08011ce2   0x0000006a   Code   RO        10161    i.sqrt              m_wv.l(sqrt.o)
    0x08011d4c   0x08011d4c   0x0000000e   Code   RO         1454    i.stop_sw           fee_swerve_driver.o
    0x08011d5a   0x08011d5a   0x00000002   PAD
    0x08011d5c   0x08011d5c   0x00000010   Code   RO         1921    i.thu_tay_tha_lua   fee_robot.o
    0x08011d6c   0x08011d6c   0x00000062   Code   RO         1726    i.updateEstimate    fee_kalman_filter.o
    0x08011dce   0x08011dce   0x00000026   Code   RO         8089    i.uxListRemove      list.o
    0x08011df4   0x08011df4   0x00000018   Code   RO          374    i.vApplicationGetIdleTaskMemory  freertos.o
    0x08011e0c   0x08011e0c   0x00000016   Code   RO         8090    i.vListInitialise   list.o
    0x08011e22   0x08011e22   0x00000006   Code   RO         8091    i.vListInitialiseItem  list.o
    0x08011e28   0x08011e28   0x0000003c   Code   RO         8092    i.vListInsert       list.o
    0x08011e64   0x08011e64   0x00000018   Code   RO         8093    i.vListInsertEnd    list.o
    0x08011e7c   0x08011e7c   0x00000040   Code   RO         9110    i.vPortEnterCritical  port.o
    0x08011ebc   0x08011ebc   0x0000002c   Code   RO         9111    i.vPortExitCritical  port.o
    0x08011ee8   0x08011ee8   0x000000a8   Code   RO         9050    i.vPortFree         heap_4.o
    0x08011f90   0x08011f90   0x00000024   Code   RO         9112    i.vPortSetupTimerInterrupt  port.o
    0x08011fb4   0x08011fb4   0x0000004c   Code   RO         8415    i.vTaskDelay        tasks.o
    0x08012000   0x08012000   0x0000006c   Code   RO         8428    i.vTaskStartScheduler  tasks.o
    0x0801206c   0x0801206c   0x00000010   Code   RO         8430    i.vTaskSuspendAll   tasks.o
    0x0801207c   0x0801207c   0x0000005c   Code   RO         8431    i.vTaskSwitchContext  tasks.o
    0x080120d8   0x080120d8   0x00000104   Code   RO         1457    i.ve_vt             fee_swerve_driver.o
    0x080121dc   0x080121dc   0x00000198   Code   RO         1458    i.vegoc0            fee_swerve_driver.o
    0x08012374   0x08012374   0x00000118   Code   RO         1459    i.vegoc04           fee_swerve_driver.o
    0x0801248c   0x0801248c   0x00000104   Code   RO         9114    i.xPortStartScheduler  port.o
    0x08012590   0x08012590   0x0000002c   Code   RO         9115    i.xPortSysTickHandler  port.o
    0x080125bc   0x080125bc   0x000000b6   Code   RO         8434    i.xTaskCreate       tasks.o
    0x08012672   0x08012672   0x000000ce   Code   RO         8435    i.xTaskCreateStatic  tasks.o
    0x08012740   0x08012740   0x0000001c   Code   RO         8439    i.xTaskGetSchedulerState  tasks.o
    0x0801275c   0x0801275c   0x0000000c   Code   RO         8440    i.xTaskGetTickCount  tasks.o
    0x08012768   0x08012768   0x000000ec   Code   RO         8442    i.xTaskIncrementTick  tasks.o
    0x08012854   0x08012854   0x000001b8   Code   RO         8448    i.xTaskResumeAll    tasks.o
    0x08012a0c   0x08012a0c   0x00000258   Code   RO         1461    i.xoay_V2           fee_swerve_driver.o
    0x08012c64   0x08012c64   0x0000002c   Code   RO        10379    locale$$code        c_w.l(lc_numeric_c.o)
    0x08012c90   0x08012c90   0x00000010   Code   RO        10390    x$fpl$dcheck1       fz_wv.l(dcheck1.o)
    0x08012ca0   0x08012ca0   0x0000000a   Code   RO        10392    x$fpl$fpinit        fz_wv.l(fpinit.o)
    0x08012caa   0x08012caa   0x00000004   Code   RO        10073    x$fpl$printf1       fz_wv.l(printf1.o)
    0x08012cae   0x08012cae   0x00000064   Code   RO        10427    x$fpl$retnan        fz_wv.l(retnan.o)
    0x08012d12   0x08012d12   0x0000005c   Code   RO        10265    x$fpl$scalbn        fz_wv.l(scalbn.o)
    0x08012d6e   0x08012d6e   0x00000030   Code   RO        10461    x$fpl$trapveneer    fz_wv.l(trapv.o)
    0x08012d9e   0x08012d9e   0x00000000   Code   RO        10267    x$fpl$usenofp       fz_wv.l(usenofp.o)
    0x08012d9e   0x08012d9e   0x00000002   PAD
    0x08012da0   0x08012da0   0x000001a4   Data   RO           30    .constdata          main.o
    0x08012f44   0x08012f44   0x00000080   Data   RO          824    .constdata          fee_rtos.o
    0x08012fc4   0x08012fc4   0x00000008   Data   RO         4109    .constdata          stm32h7xx_hal_dma.o
    0x08012fcc   0x08012fcc   0x00000018   Data   RO         7509    .constdata          stm32h7xx_hal_uart.o
    0x08012fe4   0x08012fe4   0x00000010   Data   RO         7863    .constdata          stm32h7xx_hal_uart_ex.o
    0x08012ff4   0x08012ff4   0x00000010   Data   RO         7959    .constdata          system_stm32h7xx.o
    0x08013004   0x08013004   0x00000004   PAD
    0x08013008   0x08013008   0x00000098   Data   RO        10078    .constdata          m_wv.l(atan.o)
    0x080130a0   0x080130a0   0x00000038   Data   RO        10122    .constdata          m_wv.l(log.o)
    0x080130d8   0x080130d8   0x00000088   Data   RO        10136    .constdata          m_wv.l(pow.o)
    0x08013160   0x08013160   0x00000030   Data   RO        10269    .constdata          m_wv.l(cos_i.o)
    0x08013190   0x08013190   0x00000008   Data   RO        10295    .constdata          m_wv.l(qnan.o)
    0x08013198   0x08013198   0x000000c8   Data   RO        10298    .constdata          m_wv.l(rred.o)
    0x08013260   0x08013260   0x00000028   Data   RO        10302    .constdata          m_wv.l(sin_i.o)
    0x08013288   0x08013288   0x00000094   Data   RO        10354    .constdata          c_w.l(bigflt0.o)
    0x0801331c   0x0801331c   0x000000b4   Data   RO           31    .conststring        main.o
    0x080133d0   0x080133d0   0x00000020   Data   RO        10491    Region$$Table       anon$$obj.o
    0x080133f0   0x080133f0   0x0000001c   Data   RO        10378    locale$$data        c_w.l(lc_numeric_c.o)


    Execution Region RW_IRAM1 (Exec base: 0x20000000, Load base: 0x0801340c, Size: 0x00000000, Max: 0x00020000, ABSOLUTE)

    **** No section assigned to this execution region ****


    Execution Region RW_IRAM2 (Exec base: 0x24000000, Load base: 0x0801340c, Size: 0x000070b8, Max: 0x00080000, ABSOLUTE, COMPRESSED[0x000000d4])

    Exec Addr    Load Addr    Size         Type   Attr      Idx    E Section Name        Object

    0x24000000   COMPRESSED   0x0000003c   Data   RW           32    .data               main.o
    0x2400003c   COMPRESSED   0x0000000c   Data   RW          826    .data               fee_rtos.o
    0x24000048   COMPRESSED   0x00000004   Data   RW          827    .data               fee_rtos.o
    0x2400004c   COMPRESSED   0x00000004   Data   RW          828    .data               fee_rtos.o
    0x24000050   COMPRESSED   0x00000004   Data   RW          943    .data               fee_usb.o
    0x24000054   COMPRESSED   0x00000004   Data   RW         1179    .data               fee_uart.o
    0x24000058   COMPRESSED   0x0000000f   Data   RW         1317    .data               fee_pes_control.o
    0x24000067   COMPRESSED   0x00000009   Data   RW         1371    .data               fee_compass.o
    0x24000070   COMPRESSED   0x000000a0   Data   RW         1474    .data               fee_swerve_driver.o
    0x24000110   COMPRESSED   0x00000004   Data   RW         1776    .data               fee_stm32f103c8t6.o
    0x24000114   COMPRESSED   0x00000008   Data   RW         1864    .data               fee_main_phu.o
    0x2400011c   COMPRESSED   0x0000000a   Data   RW         1924    .data               fee_robot.o
    0x24000126   COMPRESSED   0x00000001   Data   RW         1925    .data               fee_robot.o
    0x24000127   COMPRESSED   0x00000001   PAD
    0x24000128   COMPRESSED   0x00000002   Data   RW         1926    .data               fee_robot.o
    0x2400012a   COMPRESSED   0x00000002   PAD
    0x2400012c   COMPRESSED   0x00000004   Data   RW         2034    .data               fee_thread2.o
    0x24000130   COMPRESSED   0x00000008   Data   RW         2094    .data               fee_thread4.o
    0x24000138   COMPRESSED   0x0000000e   Data   RW         2123    .data               fee_thread5.o
    0x24000146   COMPRESSED   0x00000001   Data   RW         2124    .data               fee_thread5.o
    0x24000147   COMPRESSED   0x00000001   PAD
    0x24000148   COMPRESSED   0x00000008   Data   RW         2416    .data               fee_tu_dong.o
    0x24000150   COMPRESSED   0x0000001c   Data   RW         2548    .data               usbd_desc.o
    0x2400016c   COMPRESSED   0x00000032   Data   RW         2549    .data               usbd_desc.o
    0x2400019e   COMPRESSED   0x00000002   PAD
    0x240001a0   COMPRESSED   0x0000001c   Data   RW         2633    .data               usbd_custom_hid_if.o
    0x240001bc   COMPRESSED   0x00000010   Data   RW         2634    .data               usbd_custom_hid_if.o
    0x240001cc   COMPRESSED   0x0000000c   Data   RW         4961    .data               stm32h7xx_hal.o
    0x240001d8   COMPRESSED   0x00000008   Data   RW         7960    .data               system_stm32h7xx.o
    0x240001e0   COMPRESSED   0x0000003c   Data   RW         8451    .data               tasks.o
    0x2400021c   COMPRESSED   0x00000020   Data   RW         9056    .data               heap_4.o
    0x2400023c   COMPRESSED   0x0000000c   Data   RW         9116    .data               port.o
    0x24000248   COMPRESSED   0x00000001   Data   RW         9364    .data               usbd_ctlreq.o
    0x24000249   COMPRESSED   0x00000003   PAD
    0x2400024c   COMPRESSED   0x00000038   Data   RW         9519    .data               usbd_customhid.o
    0x24000284   COMPRESSED   0x00000046   Data   RW         9520    .data               usbd_customhid.o
    0x240002ca   COMPRESSED   0x00000002   PAD
    0x240002cc        -       0x00000604   Zero   RW           17    .bss                main.o
    0x240008d0        -       0x00000078   Zero   RW           18    .bss                main.o
    0x24000948        -       0x0000004c   Zero   RW           20    .bss                main.o
    0x24000994        -       0x0000004c   Zero   RW           21    .bss                main.o
    0x240009e0        -       0x00000078   Zero   RW           22    .bss                main.o
    0x24000a58        -       0x00000078   Zero   RW           23    .bss                main.o
    0x24000ad0        -       0x00000078   Zero   RW           24    .bss                main.o
    0x24000b48        -       0x00000078   Zero   RW           25    .bss                main.o
    0x24000bc0        -       0x00000078   Zero   RW           26    .bss                main.o
    0x24000c38        -       0x00000078   Zero   RW           27    .bss                main.o
    0x24000cb0        -       0x00000078   Zero   RW           28    .bss                main.o
    0x24000d28        -       0x00000078   Zero   RW           29    .bss                main.o
    0x24000da0        -       0x00000254   Zero   RW          375    .bss                freertos.o
    0x24000ff4        -       0x000000c0   Zero   RW          760    .bss                fee_adc.o
    0x240010b4   COMPRESSED   0x00000004   PAD
    0x240010b8        -       0x00001100   Zero   RW          822    .bss                fee_rtos.o
    0x240021b8        -       0x00000040   Zero   RW         1370    .bss                fee_compass.o
    0x240021f8        -       0x00000068   Zero   RW         1466    .bss                fee_swerve_driver.o
    0x24002260        -       0x00000048   Zero   RW         1922    .bss                fee_robot.o
    0x240022a8        -       0x00000060   Zero   RW         1999    .bss                fee_thread1.o
    0x24002308        -       0x0000001e   Zero   RW         2302    .bss                fee_thread12.o
    0x24002326   COMPRESSED   0x00000002   PAD
    0x24002328        -       0x000002dc   Zero   RW         2502    .bss                usb_device.o
    0x24002604        -       0x00000200   Zero   RW         2547    .bss                usbd_desc.o
    0x24002804        -       0x00000564   Zero   RW         2715    .bss                usbd_conf.o
    0x24002d68        -       0x000000f0   Zero   RW         8450    .bss                tasks.o
    0x24002e58        -       0x00003c00   Zero   RW         9055    .bss                heap_4.o
    0x24006a58        -       0x00000060   Zero   RW        10310    .bss                c_w.l(libspace.o)
    0x24006ab8        -       0x00000200   Zero   RW            2    HEAP                startup_stm32h750xx.o
    0x24006cb8        -       0x00000400   Zero   RW            1    STACK               startup_stm32h750xx.o


==============================================================================

Image component sizes


      Code (inc. data)   RO Data    RW Data    ZI Data      Debug   Object Name

       134          0          0          0          0      23609   cmsis_os.o
        68         10          0          0          0        565   dwt_stm32_delay.o
         0          0          0          0          0      16964   event_groups.o
       204         38          0          0        192       2445   fee_adc.o
       188         18          0          0          0       2578   fee_at24c128.o
      1098         24          0          9         64       5627   fee_compass.o
        44          6          0          0          0        505   fee_exti.o
       972         32          0          0          0       1669   fee_gpio.o
       112          0          0          0          0       1750   fee_kalman_filter.o
      1016         54          0          0          0       5470   fee_lcd.o
       282         38          0          8          0       2777   fee_main_phu.o
       432         38          0         15          0       2777   fee_pes_control.o
       988         92          0         13         72       7409   fee_robot.o
       768         60        128         20       4352       5046   fee_rtos.o
         2          0          0          0          0        468   fee_spi.o
        76         18          0          4          0        819   fee_stm32f103c8t6.o
      4758        368          0        160        104      19985   fee_swerve_driver.o
       148          4          0          0         96       1022   fee_thread1.o
         8          0          0          0          0        510   fee_thread10.o
         8          0          0          0          0        510   fee_thread11.o
       172         66          0          0         30       1473   fee_thread12.o
        88         18          0          0          0        566   fee_thread13.o
         6          0          0          0          0        510   fee_thread14.o
        12          0          0          0          0        514   fee_thread15.o
       180         18          0          4          0       1019   fee_thread2.o
       456         48          0          0          0       1413   fee_thread3.o
       196         10          0          8          0        993   fee_thread4.o
      2664        150          0         15          0       5126   fee_thread5.o
       240         28          0          0          0        750   fee_thread6.o
        80         14          0          0          0        550   fee_thread7.o
        28          6          0          0          0        530   fee_thread8.o
        40          6          0          0          0       1122   fee_thread9.o
      1620        104          0          8          0       4808   fee_tu_dong.o
      1072         56          0          4          0       7382   fee_uart.o
       708         36          0          4          0       1564   fee_usb.o
        24          4          0          0        596       1456   freertos.o
       576         22          0         32      15360       6975   heap_4.o
       150          0          0          0          0       3894   list.o
      2760        188        600         60       2772    1423119   main.o
       730         80          0         12          0      11540   port.o
        64         26        664          0       1536        876   startup_stm32h750xx.o
       236         44          0         12          0      23728   stm32h7xx_hal.o
      2988        176          0          0          0      72042   stm32h7xx_hal_adc.o
       428         28          0          0          0      63441   stm32h7xx_hal_adc_ex.o
       402         46          0          0          0      42288   stm32h7xx_hal_cortex.o
      4908        576          8          0          0       8503   stm32h7xx_hal_dma.o
       626         10          0          0          0       4387   stm32h7xx_hal_gpio.o
      1804         32          0          0          0      12392   stm32h7xx_hal_i2c.o
       196          0          0          0          0       2295   stm32h7xx_hal_i2c_ex.o
      1802        162          0          0          0       6095   stm32h7xx_hal_msp.o
      2904          8          0          0          0      12708   stm32h7xx_hal_pcd.o
       136          0          0          0          0       3459   stm32h7xx_hal_pcd_ex.o
       108         12          0          0          0       1434   stm32h7xx_hal_pwr_ex.o
      2896        190          0          0          0       7888   stm32h7xx_hal_rcc.o
      5588        262          0          0          0      11603   stm32h7xx_hal_rcc_ex.o
       388         12          0          0          0       1935   stm32h7xx_hal_spi.o
       400          0          0          0          0       5784   stm32h7xx_hal_tim.o
         6          0          0          0          0       2408   stm32h7xx_hal_tim_ex.o
      5010        186         24          0          0      41377   stm32h7xx_hal_uart.o
       358         12         16          0          0       5494   stm32h7xx_hal_uart_ex.o
       332        120          0          0          0      16609   stm32h7xx_it.o
      3252        100          0          0          0      25499   stm32h7xx_ll_usb.o
         0          0          0          0          0        384   stream_buffer.o
       260         58         16          8          0       1602   system_stm32h7xx.o
      1880        134          0         60        240      21169   tasks.o
        92         18          0          0        732        864   usb_device.o
       770         34          0          0       1380      17492   usbd_conf.o
       952          0          0          0          0      15967   usbd_core.o
      1522         30          0          1          0      14476   usbd_ctlreq.o
        32          6          0         44          0       2460   usbd_custom_hid_if.o
       974         64          0        126          0      12558   usbd_customhid.o
       312        116          0         78        512       6497   usbd_desc.o
       132          0          0          0          0       4884   usbd_ioreq.o

    ----------------------------------------------------------------------
     64920       4120       1492        716      28044    2048407   Object Totals
         0          0         32          0          0          0   (incl. Generated)
        54          4          4         11          6          0   (incl. Padding)

    ----------------------------------------------------------------------

      Code (inc. data)   RO Data    RW Data    ZI Data      Debug   Library Member Name

        90          0          0          0          0          0   __dczerorl2.o
         8          0          0          0          0         68   __main.o
       352          0          0          0          0         88   __printf_ss_wp.o
        14          0          0          0          0         68   __printf_wp.o
         0          0          0          0          0          0   __rtentry.o
        12          0          0          0          0          0   __rtentry2.o
         6          0          0          0          0          0   __rtentry4.o
        52          8          0          0          0          0   __scatter.o
        28          0          0          0          0          0   __scatter_zi.o
        48          6          0          0          0         96   _printf_char_common.o
         6          0          0          0          0          0   _printf_d.o
       120         16          0          0          0         92   _printf_dec.o
         6          0          0          0          0          0   _printf_f.o
      1054          0          0          0          0        216   _printf_fp_dec.o
       128         16          0          0          0         84   _printf_fp_infnan.o
       178          0          0          0          0         88   _printf_intcommon.o
        78          0          0          0          0        108   _printf_pad.o
         0          0          0          0          0          0   _printf_percent.o
         4          0          0          0          0          0   _printf_percent_end.o
        22          0          0          0          0        100   _rserrno.o
        10          0          0          0          0         68   _sputc.o
       228          4        148          0          0         96   bigflt0.o
      1936        128          0          0          0        672   btod.o
        18          0          0          0          0         80   exit.o
         6          0          0          0          0        152   heapauxi.o
         0          0          0          0          0          0   indicate_semi.o
        44         10         28          0          0         76   lc_numeric_c.o
         2          0          0          0          0          0   libinit.o
        22          0          0          0          0          0   libinit2.o
         2          0          0          0          0          0   libshutdown.o
         2          0          0          0          0          0   libshutdown2.o
         8          4          0          0         96         68   libspace.o
       138          0          0          0          0         80   lludiv10.o
       238          0          0          0          0        100   lludivv7m.o
        40          6          0          0          0         84   noretval__2sprintf.o
         8          4          0          0          0         68   rt_errno_addr_intlibspace.o
         8          4          0          0          0         68   rt_locale_intlibspace.o
        78          0          0          0          0         80   rt_memclr_w.o
         2          0          0          0          0          0   rtexit.o
        10          0          0          0          0          0   rtexit2.o
       104          0          0          0          0         68   strcmpv7m_pel.o
        12          4          0          0          0         68   sys_exit.o
        74          0          0          0          0         80   sys_stackheap_outer.o
         2          0          0          0          0         68   use_no_semi.o
        16          4          0          0          0        116   dcheck1.o
        10          0          0          0          0        116   fpinit.o
         4          0          0          0          0        116   printf1.o
       100          0          0          0          0        116   retnan.o
        92          0          0          0          0        116   scalbn.o
        48          0          0          0          0        116   trapv.o
         0          0          0          0          0          0   usenofp.o
       528        110        152          0          0        348   atan.o
       456         64          0          0          0        188   atan2.o
       176         18          0          0          0        156   cos.o
       224         42         48          0          0        184   cos_i.o
       116         60          0          0          0        696   dunder.o
        24          0          0          0          0        124   fabs.o
       240         26          0          0          0        132   floor.o
        48          0          0          0          0        124   fpclassify.o
       572         92         56          0          0        312   log.o
       112          0          0          0          0        116   poly.o
      2296        304        136          0          0        320   pow.o
         0          0          8          0          0          0   qnan.o
       784        138        200          0          0        172   rred.o
       176         18          0          0          0        160   sin.o
       168         24         40          0          0        196   sin_i.o
       208          0          0          0          0        280   sqrt.o

    ----------------------------------------------------------------------
     11632       1114        816          0         96       7188   Library Totals
        36          4          0          0          0          0   (incl. Padding)

    ----------------------------------------------------------------------

      Code (inc. data)   RO Data    RW Data    ZI Data      Debug   Library Name

      5198        210        176          0         96       2984   c_w.l
       270          4          0          0          0        696   fz_wv.l
      6128        896        640          0          0       3508   m_wv.l

    ----------------------------------------------------------------------
     11632       1114        816          0         96       7188   Library Totals

    ----------------------------------------------------------------------

==============================================================================


      Code (inc. data)   RO Data    RW Data    ZI Data      Debug   

     76552       5234       2308        716      28140    2014583   Grand Totals
     76552       5234       2308        212      28140    2014583   ELF Image Totals (compressed)
     76552       5234       2308        212          0          0   ROM Totals

==============================================================================

    Total RO  Size (Code + RO Data)                78860 (  77.01kB)
    Total RW  Size (RW Data + ZI Data)             28856 (  28.18kB)
    Total ROM Size (Code + RO Data + RW Data)      79072 (  77.22kB)

==============================================================================

